Archive member included because of file (symbol)

c:/imt_sdk_win_64/winavr/bin/../lib/gcc/avr/4.3.3/avr5\libgcc.a(_exit.o)
                              c:/imt_sdk_win_64/winavr/bin/../lib/gcc/avr/4.3.3/../../../../avr/lib/avr5/crtm32.o (exit)

Memory Configuration

Name             Origin             Length             Attributes
text             0x00000000         0x00020000         xr
data             0x00800060         0x0000ffa0         rw !x
eeprom           0x00810000         0x00010000         rw !x
fuse             0x00820000         0x00000400         rw !x
lock             0x00830000         0x00000400         rw !x
signature        0x00840000         0x00000400         rw !x
*default*        0x00000000         0xffffffff

Linker script and memory map

LOAD c:/imt_sdk_win_64/winavr/bin/../lib/gcc/avr/4.3.3/../../../../avr/lib/avr5/crtm32.o
LOAD ./DIO_prog.o
LOAD ./EXT_INT0.o
LOAD ./EXT_INT1.o
LOAD ./EXT_INT2.o
LOAD ./EXT_INT_ISR0.o
LOAD ./EXT_INT_ISR1.o
LOAD ./EXT_INT_ISR2.o
LOAD ./Program.o
LOAD ./Timer0_PWM_Prog.o
LOAD ./Timer2_PWM_Prog.o
LOAD ./UART_prog.o
LOAD ./app.o
LOAD c:/imt_sdk_win_64/winavr/bin/../lib/gcc/avr/4.3.3/avr5\libgcc.a
LOAD c:/imt_sdk_win_64/winavr/bin/../lib/gcc/avr/4.3.3/../../../../avr/lib/avr5\libc.a
LOAD c:/imt_sdk_win_64/winavr/bin/../lib/gcc/avr/4.3.3/avr5\libgcc.a

.hash
 *(.hash)

.dynsym
 *(.dynsym)

.dynstr
 *(.dynstr)

.gnu.version
 *(.gnu.version)

.gnu.version_d
 *(.gnu.version_d)

.gnu.version_r
 *(.gnu.version_r)

.rel.init
 *(.rel.init)

.rela.init
 *(.rela.init)

.rel.text
 *(.rel.text)
 *(.rel.text.*)
 *(.rel.gnu.linkonce.t*)

.rela.text
 *(.rela.text)
 *(.rela.text.*)
 *(.rela.gnu.linkonce.t*)

.rel.fini
 *(.rel.fini)

.rela.fini
 *(.rela.fini)

.rel.rodata
 *(.rel.rodata)
 *(.rel.rodata.*)
 *(.rel.gnu.linkonce.r*)

.rela.rodata
 *(.rela.rodata)
 *(.rela.rodata.*)
 *(.rela.gnu.linkonce.r*)

.rel.data
 *(.rel.data)
 *(.rel.data.*)
 *(.rel.gnu.linkonce.d*)

.rela.data
 *(.rela.data)
 *(.rela.data.*)
 *(.rela.gnu.linkonce.d*)

.rel.ctors
 *(.rel.ctors)

.rela.ctors
 *(.rela.ctors)

.rel.dtors
 *(.rel.dtors)

.rela.dtors
 *(.rela.dtors)

.rel.got
 *(.rel.got)

.rela.got
 *(.rela.got)

.rel.bss
 *(.rel.bss)

.rela.bss
 *(.rela.bss)

.rel.plt
 *(.rel.plt)

.rela.plt
 *(.rela.plt)

.text           0x00000000      0xc98
 *(.vectors)
 .vectors       0x00000000       0x54 c:/imt_sdk_win_64/winavr/bin/../lib/gcc/avr/4.3.3/../../../../avr/lib/avr5/crtm32.o
                0x00000000                __vectors
                0x00000000                __vector_default
 *(.vectors)
 *(.progmem.gcc*)
 *(.progmem*)
                0x00000054                . = ALIGN (0x2)
                0x00000054                __trampolines_start = .
 *(.trampolines)
 .trampolines   0x00000054        0x0 linker stubs
 *(.trampolines*)
                0x00000054                __trampolines_end = .
 *(.jumptables)
 *(.jumptables*)
 *(.lowtext)
 *(.lowtext*)
                0x00000054                __ctors_start = .
 *(.ctors)
                0x00000054                __ctors_end = .
                0x00000054                __dtors_start = .
 *(.dtors)
                0x00000054                __dtors_end = .
 SORT(*)(.ctors)
 SORT(*)(.dtors)
 *(.init0)
 .init0         0x00000054        0x0 c:/imt_sdk_win_64/winavr/bin/../lib/gcc/avr/4.3.3/../../../../avr/lib/avr5/crtm32.o
                0x00000054                __init
 *(.init0)
 *(.init1)
 *(.init1)
 *(.init2)
 .init2         0x00000054        0xc c:/imt_sdk_win_64/winavr/bin/../lib/gcc/avr/4.3.3/../../../../avr/lib/avr5/crtm32.o
 *(.init2)
 *(.init3)
 *(.init3)
 *(.init4)
 *(.init4)
 *(.init5)
 *(.init5)
 *(.init6)
 *(.init6)
 *(.init7)
 *(.init7)
 *(.init8)
 *(.init8)
 *(.init9)
 .init9         0x00000060        0x8 c:/imt_sdk_win_64/winavr/bin/../lib/gcc/avr/4.3.3/../../../../avr/lib/avr5/crtm32.o
 *(.init9)
 *(.text)
 .text          0x00000068        0x4 c:/imt_sdk_win_64/winavr/bin/../lib/gcc/avr/4.3.3/../../../../avr/lib/avr5/crtm32.o
                0x00000068                __vector_12
                0x00000068                __bad_interrupt
                0x00000068                __vector_6
                0x00000068                __vector_11
                0x00000068                __vector_13
                0x00000068                __vector_17
                0x00000068                __vector_19
                0x00000068                __vector_7
                0x00000068                __vector_5
                0x00000068                __vector_4
                0x00000068                __vector_9
                0x00000068                __vector_15
                0x00000068                __vector_8
                0x00000068                __vector_14
                0x00000068                __vector_10
                0x00000068                __vector_16
                0x00000068                __vector_18
                0x00000068                __vector_20
 .text          0x0000006c        0x0 ./DIO_prog.o
 .text          0x0000006c        0x0 ./EXT_INT0.o
 .text          0x0000006c        0x0 ./EXT_INT1.o
 .text          0x0000006c        0x0 ./EXT_INT2.o
 .text          0x0000006c        0x0 ./EXT_INT_ISR0.o
 .text          0x0000006c        0x0 ./EXT_INT_ISR1.o
 .text          0x0000006c        0x0 ./EXT_INT_ISR2.o
 .text          0x0000006c        0x0 ./Program.o
 .text          0x0000006c        0x0 ./Timer0_PWM_Prog.o
 .text          0x0000006c        0x0 ./Timer2_PWM_Prog.o
 .text          0x0000006c        0x0 ./UART_prog.o
 .text          0x0000006c        0x0 ./app.o
 .text          0x0000006c        0x0 c:/imt_sdk_win_64/winavr/bin/../lib/gcc/avr/4.3.3/avr5\libgcc.a(_exit.o)
                0x0000006c                . = ALIGN (0x2)
 *(.text.*)
 .text.DIO_SetPinValue
                0x0000006c      0x210 ./DIO_prog.o
                0x0000006c                DIO_SetPinValue
 .text.DIO_GetPinValue
                0x0000027c      0x108 ./DIO_prog.o
                0x0000027c                DIO_GetPinValue
 .text.DIO_SetPinDirection
                0x00000384      0x210 ./DIO_prog.o
                0x00000384                DIO_SetPinDirection
 .text.DIO_SetPortDirection
                0x00000594       0x82 ./DIO_prog.o
                0x00000594                DIO_SetPortDirection
 .text.DIO_SetPortValue
                0x00000616       0x82 ./DIO_prog.o
                0x00000616                DIO_SetPortValue
 .text.vid_ExtInt0_vid_InitializeExtInt
                0x00000698       0x3a ./EXT_INT0.o
                0x00000698                vid_ExtInt0_vid_InitializeExtInt
 .text.vid_ExtInt1_vid_InitializeExtInt
                0x000006d2       0x3a ./EXT_INT1.o
                0x000006d2                vid_ExtInt1_vid_InitializeExtInt
 .text.vid_ExtInt2_vid_InitializeExtInt
                0x0000070c       0x3a ./EXT_INT2.o
                0x0000070c                vid_ExtInt2_vid_InitializeExtInt
 .text.__vector_1
                0x00000746       0x54 ./EXT_INT_ISR0.o
                0x00000746                __vector_1
 .text.__vector_2
                0x0000079a       0x54 ./EXT_INT_ISR1.o
                0x0000079a                __vector_2
 .text.__vector_3
                0x000007ee       0x54 ./EXT_INT_ISR2.o
                0x000007ee                __vector_3
 .text.vid_DIO_vid_SetDioDirections
                0x00000842       0x82 ./Program.o
                0x00000842                vid_DIO_vid_SetDioDirections
 .text.vid_DIO_vid_RobotForward
                0x000008c4       0x46 ./Program.o
                0x000008c4                vid_DIO_vid_RobotForward
 .text.vid_DIO_vid_RobotBackward
                0x0000090a       0x46 ./Program.o
                0x0000090a                vid_DIO_vid_RobotBackward
 .text.vid_DIO_vid_RobotRight
                0x00000950       0x46 ./Program.o
                0x00000950                vid_DIO_vid_RobotRight
 .text.vid_DIO_vid_RobotForwardRight
                0x00000996       0x46 ./Program.o
                0x00000996                vid_DIO_vid_RobotForwardRight
 .text.vid_DIO_vid_RobotBackwardRight
                0x000009dc       0x46 ./Program.o
                0x000009dc                vid_DIO_vid_RobotBackwardRight
 .text.vid_DIO_vid_RobotLeft
                0x00000a22       0x46 ./Program.o
                0x00000a22                vid_DIO_vid_RobotLeft
 .text.vid_DIO_vid_RobotForwardLeft
                0x00000a68       0x46 ./Program.o
                0x00000a68                vid_DIO_vid_RobotForwardLeft
 .text.vid_DIO_vid_RobotBackwardLeft
                0x00000aae       0x46 ./Program.o
                0x00000aae                vid_DIO_vid_RobotBackwardLeft
 .text.vid_DIO_vid_RobotStop
                0x00000af4       0x36 ./Program.o
                0x00000af4                vid_DIO_vid_RobotStop
 .text.vid_Timer0_vid_InitializePWM
                0x00000b2a       0x1e ./Timer0_PWM_Prog.o
                0x00000b2a                vid_Timer0_vid_InitializePWM
 .text.vid_Timer2_vid_InitializePWM
                0x00000b48       0x1e ./Timer2_PWM_Prog.o
                0x00000b48                vid_Timer2_vid_InitializePWM
 .text.vid_UART_vid_Initialize
                0x00000b66       0x2c ./UART_prog.o
                0x00000b66                vid_UART_vid_Initialize
 .text.vid_UART_vid_SendChar
                0x00000b92       0x40 ./UART_prog.o
                0x00000b92                vid_UART_vid_SendChar
 .text.u8_UART_u8_GetChar
                0x00000bd2       0x1e ./UART_prog.o
                0x00000bd2                u8_UART_u8_GetChar
 .text.main     0x00000bf0       0xa4 ./app.o
                0x00000bf0                main
 .text.libgcc   0x00000c94        0x0 c:/imt_sdk_win_64/winavr/bin/../lib/gcc/avr/4.3.3/avr5\libgcc.a(_exit.o)
                0x00000c94                . = ALIGN (0x2)
 *(.fini9)
 .fini9         0x00000c94        0x0 c:/imt_sdk_win_64/winavr/bin/../lib/gcc/avr/4.3.3/avr5\libgcc.a(_exit.o)
                0x00000c94                exit
                0x00000c94                _exit
 *(.fini9)
 *(.fini8)
 *(.fini8)
 *(.fini7)
 *(.fini7)
 *(.fini6)
 *(.fini6)
 *(.fini5)
 *(.fini5)
 *(.fini4)
 *(.fini4)
 *(.fini3)
 *(.fini3)
 *(.fini2)
 *(.fini2)
 *(.fini1)
 *(.fini1)
 *(.fini0)
 .fini0         0x00000c94        0x4 c:/imt_sdk_win_64/winavr/bin/../lib/gcc/avr/4.3.3/avr5\libgcc.a(_exit.o)
 *(.fini0)
                0x00000c98                _etext = .

.data           0x00800060        0x0 load address 0x00000c98
                0x00800060                PROVIDE (__data_start, .)
 *(.data)
 .data          0x00800060        0x0 c:/imt_sdk_win_64/winavr/bin/../lib/gcc/avr/4.3.3/../../../../avr/lib/avr5/crtm32.o
 .data          0x00800060        0x0 ./DIO_prog.o
 .data          0x00800060        0x0 ./EXT_INT0.o
 .data          0x00800060        0x0 ./EXT_INT1.o
 .data          0x00800060        0x0 ./EXT_INT2.o
 .data          0x00800060        0x0 ./EXT_INT_ISR0.o
 .data          0x00800060        0x0 ./EXT_INT_ISR1.o
 .data          0x00800060        0x0 ./EXT_INT_ISR2.o
 .data          0x00800060        0x0 ./Program.o
 .data          0x00800060        0x0 ./Timer0_PWM_Prog.o
 .data          0x00800060        0x0 ./Timer2_PWM_Prog.o
 .data          0x00800060        0x0 ./UART_prog.o
 .data          0x00800060        0x0 ./app.o
 .data          0x00800060        0x0 c:/imt_sdk_win_64/winavr/bin/../lib/gcc/avr/4.3.3/avr5\libgcc.a(_exit.o)
 *(.data*)
 *(.rodata)
 *(.rodata*)
 *(.gnu.linkonce.d*)
                0x00800060                . = ALIGN (0x2)
                0x00800060                _edata = .
                0x00800060                PROVIDE (__data_end, .)

.bss            0x00800060        0x0
                0x00800060                PROVIDE (__bss_start, .)
 *(.bss)
 .bss           0x00800060        0x0 c:/imt_sdk_win_64/winavr/bin/../lib/gcc/avr/4.3.3/../../../../avr/lib/avr5/crtm32.o
 .bss           0x00800060        0x0 ./DIO_prog.o
 .bss           0x00800060        0x0 ./EXT_INT0.o
 .bss           0x00800060        0x0 ./EXT_INT1.o
 .bss           0x00800060        0x0 ./EXT_INT2.o
 .bss           0x00800060        0x0 ./EXT_INT_ISR0.o
 .bss           0x00800060        0x0 ./EXT_INT_ISR1.o
 .bss           0x00800060        0x0 ./EXT_INT_ISR2.o
 .bss           0x00800060        0x0 ./Program.o
 .bss           0x00800060        0x0 ./Timer0_PWM_Prog.o
 .bss           0x00800060        0x0 ./Timer2_PWM_Prog.o
 .bss           0x00800060        0x0 ./UART_prog.o
 .bss           0x00800060        0x0 ./app.o
 .bss           0x00800060        0x0 c:/imt_sdk_win_64/winavr/bin/../lib/gcc/avr/4.3.3/avr5\libgcc.a(_exit.o)
 *(.bss*)
 *(COMMON)
                0x00800060                PROVIDE (__bss_end, .)
                0x00000c98                __data_load_start = LOADADDR (.data)
                0x00000c98                __data_load_end = (__data_load_start + SIZEOF (.data))

.noinit         0x00800060        0x0
                0x00800060                PROVIDE (__noinit_start, .)
 *(.noinit*)
                0x00800060                PROVIDE (__noinit_end, .)
                0x00800060                _end = .
                0x00800060                PROVIDE (__heap_start, .)

.eeprom         0x00810000        0x0
 *(.eeprom*)
                0x00810000                __eeprom_end = .

.fuse
 *(.fuse)
 *(.lfuse)
 *(.hfuse)
 *(.efuse)

.lock
 *(.lock*)

.signature
 *(.signature*)

.stab           0x00000000     0x1b54
 *(.stab)
 .stab          0x00000000      0x4d4 ./DIO_prog.o
 .stab          0x000004d4      0x3a8 ./EXT_INT0.o
                                0x3b4 (size before relaxing)
 .stab          0x0000087c      0x180 ./EXT_INT1.o
                                0x3b4 (size before relaxing)
 .stab          0x000009fc      0x180 ./EXT_INT2.o
                                0x3b4 (size before relaxing)
 .stab          0x00000b7c      0x15c ./EXT_INT_ISR0.o
                                0x390 (size before relaxing)
 .stab          0x00000cd8      0x15c ./EXT_INT_ISR1.o
                                0x390 (size before relaxing)
 .stab          0x00000e34      0x15c ./EXT_INT_ISR2.o
                                0x390 (size before relaxing)
 .stab          0x00000f90      0x54c ./Program.o
                                0x5c4 (size before relaxing)
 .stab          0x000014dc      0x120 ./Timer0_PWM_Prog.o
                                0x198 (size before relaxing)
 .stab          0x000015fc      0x120 ./Timer2_PWM_Prog.o
                                0x198 (size before relaxing)
 .stab          0x0000171c      0x1c8 ./UART_prog.o
                                0x240 (size before relaxing)
 .stab          0x000018e4      0x270 ./app.o
                                0x2e8 (size before relaxing)

.stabstr        0x00000000      0xcad
 *(.stabstr)
 .stabstr       0x00000000      0xcad ./DIO_prog.o

.stab.excl
 *(.stab.excl)

.stab.exclstr
 *(.stab.exclstr)

.stab.index
 *(.stab.index)

.stab.indexstr
 *(.stab.indexstr)

.comment
 *(.comment)

.debug
 *(.debug)

.line
 *(.line)

.debug_srcinfo
 *(.debug_srcinfo)

.debug_sfnames
 *(.debug_sfnames)

.debug_aranges
 *(.debug_aranges)

.debug_pubnames
 *(.debug_pubnames)

.debug_info
 *(.debug_info)
 *(.gnu.linkonce.wi.*)

.debug_abbrev
 *(.debug_abbrev)

.debug_line
 *(.debug_line)

.debug_frame
 *(.debug_frame)

.debug_str
 *(.debug_str)

.debug_loc
 *(.debug_loc)

.debug_macinfo
 *(.debug_macinfo)
OUTPUT(Manual_Robot.elf elf32-avr)
LOAD linker stubs
