Archive member included because of file (symbol)

c:/imt_sdk_win_64/winavr/bin/../lib/gcc/avr/4.3.3/avr5\libgcc.a(_exit.o)
                              c:/imt_sdk_win_64/winavr/bin/../lib/gcc/avr/4.3.3/../../../../avr/lib/avr5/crtm32.o (exit)
c:/imt_sdk_win_64/winavr/bin/../lib/gcc/avr/4.3.3/avr5\libgcc.a(_copy_data.o)
                              ./FreeRTOS/Source/tasks.o (__do_copy_data)
c:/imt_sdk_win_64/winavr/bin/../lib/gcc/avr/4.3.3/avr5\libgcc.a(_clear_bss.o)
                              ./FreeRTOS/Source/croutine.o (__do_clear_bss)
c:/imt_sdk_win_64/winavr/bin/../lib/gcc/avr/4.3.3/avr5\libgcc.a(_fixunssfsi.o)
                              ./main.o (__fixunssfsi)
c:/imt_sdk_win_64/winavr/bin/../lib/gcc/avr/4.3.3/avr5\libgcc.a(_addsub_sf.o)
                              c:/imt_sdk_win_64/winavr/bin/../lib/gcc/avr/4.3.3/avr5\libgcc.a(_fixunssfsi.o) (__subsf3)
c:/imt_sdk_win_64/winavr/bin/../lib/gcc/avr/4.3.3/avr5\libgcc.a(_mul_sf.o)
                              ./main.o (__mulsf3)
c:/imt_sdk_win_64/winavr/bin/../lib/gcc/avr/4.3.3/avr5\libgcc.a(_gt_sf.o)
                              ./main.o (__gtsf2)
c:/imt_sdk_win_64/winavr/bin/../lib/gcc/avr/4.3.3/avr5\libgcc.a(_ge_sf.o)
                              c:/imt_sdk_win_64/winavr/bin/../lib/gcc/avr/4.3.3/avr5\libgcc.a(_fixunssfsi.o) (__gesf2)
c:/imt_sdk_win_64/winavr/bin/../lib/gcc/avr/4.3.3/avr5\libgcc.a(_lt_sf.o)
                              ./main.o (__ltsf2)
c:/imt_sdk_win_64/winavr/bin/../lib/gcc/avr/4.3.3/avr5\libgcc.a(_sf_to_si.o)
                              c:/imt_sdk_win_64/winavr/bin/../lib/gcc/avr/4.3.3/avr5\libgcc.a(_fixunssfsi.o) (__fixsfsi)
c:/imt_sdk_win_64/winavr/bin/../lib/gcc/avr/4.3.3/avr5\libgcc.a(_thenan_sf.o)
                              c:/imt_sdk_win_64/winavr/bin/../lib/gcc/avr/4.3.3/avr5\libgcc.a(_addsub_sf.o) (__thenan_sf)
c:/imt_sdk_win_64/winavr/bin/../lib/gcc/avr/4.3.3/avr5\libgcc.a(_prologue.o)
                              c:/imt_sdk_win_64/winavr/bin/../lib/gcc/avr/4.3.3/avr5\libgcc.a(_addsub_sf.o) (__prologue_saves__)
c:/imt_sdk_win_64/winavr/bin/../lib/gcc/avr/4.3.3/avr5\libgcc.a(_epilogue.o)
                              c:/imt_sdk_win_64/winavr/bin/../lib/gcc/avr/4.3.3/avr5\libgcc.a(_addsub_sf.o) (__epilogue_restores__)
c:/imt_sdk_win_64/winavr/bin/../lib/gcc/avr/4.3.3/avr5\libgcc.a(_pack_sf.o)
                              c:/imt_sdk_win_64/winavr/bin/../lib/gcc/avr/4.3.3/avr5\libgcc.a(_addsub_sf.o) (__pack_f)
c:/imt_sdk_win_64/winavr/bin/../lib/gcc/avr/4.3.3/avr5\libgcc.a(_unpack_sf.o)
                              c:/imt_sdk_win_64/winavr/bin/../lib/gcc/avr/4.3.3/avr5\libgcc.a(_addsub_sf.o) (__unpack_f)
c:/imt_sdk_win_64/winavr/bin/../lib/gcc/avr/4.3.3/avr5\libgcc.a(_fpcmp_parts_sf.o)
                              c:/imt_sdk_win_64/winavr/bin/../lib/gcc/avr/4.3.3/avr5\libgcc.a(_gt_sf.o) (__fpcmp_parts_f)
c:/imt_sdk_win_64/winavr/bin/../lib/gcc/avr/4.3.3/../../../../avr/lib/avr5\libc.a(malloc.o)
                              ./FreeRTOS/Source/portable/MemMang/heap_3.o (malloc)
c:/imt_sdk_win_64/winavr/bin/../lib/gcc/avr/4.3.3/../../../../avr/lib/avr5\libc.a(memcpy.o)
                              ./FreeRTOS/Source/queue.o (memcpy)

Allocating common symbols
Common symbol       size              file

__brkval            0x2               c:/imt_sdk_win_64/winavr/bin/../lib/gcc/avr/4.3.3/../../../../avr/lib/avr5\libc.a(malloc.o)
__flp               0x2               c:/imt_sdk_win_64/winavr/bin/../lib/gcc/avr/4.3.3/../../../../avr/lib/avr5\libc.a(malloc.o)

Memory Configuration

Name             Origin             Length             Attributes
text             0x00000000         0x00020000         xr
data             0x00800060         0x0000ffa0         rw !x
eeprom           0x00810000         0x00010000         rw !x
fuse             0x00820000         0x00000400         rw !x
lock             0x00830000         0x00000400         rw !x
signature        0x00840000         0x00000400         rw !x
*default*        0x00000000         0xffffffff

Linker script and memory map

LOAD c:/imt_sdk_win_64/winavr/bin/../lib/gcc/avr/4.3.3/../../../../avr/lib/avr5/crtm32.o
LOAD ./FreeRTOS/Source/portable/MemMang/heap_3.o
LOAD ./FreeRTOS/Source/portable/GCC/ATMega323/port.o
LOAD ./FreeRTOS/Source/croutine.o
LOAD ./FreeRTOS/Source/event_groups.o
LOAD ./FreeRTOS/Source/list.o
LOAD ./FreeRTOS/Source/queue.o
LOAD ./FreeRTOS/Source/tasks.o
LOAD ./FreeRTOS/Source/timers.o
LOAD ./DIO_prog.o
LOAD ./main.o
LOAD ./program.o
LOAD c:/imt_sdk_win_64/winavr/bin/../lib/gcc/avr/4.3.3/avr5\libgcc.a
LOAD c:/imt_sdk_win_64/winavr/bin/../lib/gcc/avr/4.3.3/../../../../avr/lib/avr5\libc.a
LOAD c:/imt_sdk_win_64/winavr/bin/../lib/gcc/avr/4.3.3/avr5\libgcc.a

.hash
 *(.hash)

.dynsym
 *(.dynsym)

.dynstr
 *(.dynstr)

.gnu.version
 *(.gnu.version)

.gnu.version_d
 *(.gnu.version_d)

.gnu.version_r
 *(.gnu.version_r)

.rel.init
 *(.rel.init)

.rela.init
 *(.rela.init)

.rel.text
 *(.rel.text)
 *(.rel.text.*)
 *(.rel.gnu.linkonce.t*)

.rela.text
 *(.rela.text)
 *(.rela.text.*)
 *(.rela.gnu.linkonce.t*)

.rel.fini
 *(.rel.fini)

.rela.fini
 *(.rela.fini)

.rel.rodata
 *(.rel.rodata)
 *(.rel.rodata.*)
 *(.rel.gnu.linkonce.r*)

.rela.rodata
 *(.rela.rodata)
 *(.rela.rodata.*)
 *(.rela.gnu.linkonce.r*)

.rel.data
 *(.rel.data)
 *(.rel.data.*)
 *(.rel.gnu.linkonce.d*)

.rela.data
 *(.rela.data)
 *(.rela.data.*)
 *(.rela.gnu.linkonce.d*)

.rel.ctors
 *(.rel.ctors)

.rela.ctors
 *(.rela.ctors)

.rel.dtors
 *(.rel.dtors)

.rela.dtors
 *(.rela.dtors)

.rel.got
 *(.rel.got)

.rela.got
 *(.rela.got)

.rel.bss
 *(.rel.bss)

.rela.bss
 *(.rela.bss)

.rel.plt
 *(.rel.plt)

.rela.plt
 *(.rela.plt)

.text           0x00000000     0x562e
 *(.vectors)
 .vectors       0x00000000       0x54 c:/imt_sdk_win_64/winavr/bin/../lib/gcc/avr/4.3.3/../../../../avr/lib/avr5/crtm32.o
                0x00000000                __vectors
                0x00000000                __vector_default
 *(.vectors)
 *(.progmem.gcc*)
 *(.progmem*)
                0x00000054                . = ALIGN (0x2)
                0x00000054                __trampolines_start = .
 *(.trampolines)
 .trampolines   0x00000054        0x0 linker stubs
 *(.trampolines*)
                0x00000054                __trampolines_end = .
 *(.jumptables)
 *(.jumptables*)
 *(.lowtext)
 *(.lowtext*)
                0x00000054                __ctors_start = .
 *(.ctors)
                0x00000054                __ctors_end = .
                0x00000054                __dtors_start = .
 *(.dtors)
                0x00000054                __dtors_end = .
 SORT(*)(.ctors)
 SORT(*)(.dtors)
 *(.init0)
 .init0         0x00000054        0x0 c:/imt_sdk_win_64/winavr/bin/../lib/gcc/avr/4.3.3/../../../../avr/lib/avr5/crtm32.o
                0x00000054                __init
 *(.init0)
 *(.init1)
 *(.init1)
 *(.init2)
 .init2         0x00000054        0xc c:/imt_sdk_win_64/winavr/bin/../lib/gcc/avr/4.3.3/../../../../avr/lib/avr5/crtm32.o
 *(.init2)
 *(.init3)
 *(.init3)
 *(.init4)
 .init4         0x00000060       0x16 c:/imt_sdk_win_64/winavr/bin/../lib/gcc/avr/4.3.3/avr5\libgcc.a(_copy_data.o)
                0x00000060                __do_copy_data
 .init4         0x00000076       0x10 c:/imt_sdk_win_64/winavr/bin/../lib/gcc/avr/4.3.3/avr5\libgcc.a(_clear_bss.o)
                0x00000076                __do_clear_bss
 *(.init4)
 *(.init5)
 *(.init5)
 *(.init6)
 *(.init6)
 *(.init7)
 *(.init7)
 *(.init8)
 *(.init8)
 *(.init9)
 .init9         0x00000086        0x8 c:/imt_sdk_win_64/winavr/bin/../lib/gcc/avr/4.3.3/../../../../avr/lib/avr5/crtm32.o
 *(.init9)
 *(.text)
 .text          0x0000008e        0x4 c:/imt_sdk_win_64/winavr/bin/../lib/gcc/avr/4.3.3/../../../../avr/lib/avr5/crtm32.o
                0x0000008e                __vector_1
                0x0000008e                __vector_12
                0x0000008e                __bad_interrupt
                0x0000008e                __vector_6
                0x0000008e                __vector_3
                0x0000008e                __vector_11
                0x0000008e                __vector_13
                0x0000008e                __vector_17
                0x0000008e                __vector_19
                0x0000008e                __vector_5
                0x0000008e                __vector_4
                0x0000008e                __vector_9
                0x0000008e                __vector_2
                0x0000008e                __vector_15
                0x0000008e                __vector_8
                0x0000008e                __vector_14
                0x0000008e                __vector_10
                0x0000008e                __vector_16
                0x0000008e                __vector_18
                0x0000008e                __vector_20
 .text          0x00000092        0x0 ./FreeRTOS/Source/portable/MemMang/heap_3.o
 .text          0x00000092        0x0 ./FreeRTOS/Source/portable/GCC/ATMega323/port.o
 .text          0x00000092        0x0 ./FreeRTOS/Source/croutine.o
 .text          0x00000092        0x0 ./FreeRTOS/Source/event_groups.o
 .text          0x00000092        0x0 ./FreeRTOS/Source/list.o
 .text          0x00000092        0x0 ./FreeRTOS/Source/queue.o
 .text          0x00000092        0x0 ./FreeRTOS/Source/tasks.o
 .text          0x00000092        0x0 ./FreeRTOS/Source/timers.o
 .text          0x00000092        0x0 ./DIO_prog.o
 .text          0x00000092        0x0 ./main.o
 .text          0x00000092        0x0 ./program.o
 .text          0x00000092        0x0 c:/imt_sdk_win_64/winavr/bin/../lib/gcc/avr/4.3.3/avr5\libgcc.a(_exit.o)
 .text          0x00000092        0x0 c:/imt_sdk_win_64/winavr/bin/../lib/gcc/avr/4.3.3/avr5\libgcc.a(_copy_data.o)
 .text          0x00000092        0x0 c:/imt_sdk_win_64/winavr/bin/../lib/gcc/avr/4.3.3/avr5\libgcc.a(_clear_bss.o)
 .text          0x00000092       0x58 c:/imt_sdk_win_64/winavr/bin/../lib/gcc/avr/4.3.3/avr5\libgcc.a(_fixunssfsi.o)
                0x00000092                __fixunssfsi
 .text          0x000000ea      0x354 c:/imt_sdk_win_64/winavr/bin/../lib/gcc/avr/4.3.3/avr5\libgcc.a(_addsub_sf.o)
                0x00000382                __subsf3
                0x000003e4                __addsf3
 .text          0x0000043e      0x1f4 c:/imt_sdk_win_64/winavr/bin/../lib/gcc/avr/4.3.3/avr5\libgcc.a(_mul_sf.o)
                0x0000043e                __mulsf3
 .text          0x00000632       0x60 c:/imt_sdk_win_64/winavr/bin/../lib/gcc/avr/4.3.3/avr5\libgcc.a(_gt_sf.o)
                0x00000632                __gtsf2
 .text          0x00000692       0x60 c:/imt_sdk_win_64/winavr/bin/../lib/gcc/avr/4.3.3/avr5\libgcc.a(_ge_sf.o)
                0x00000692                __gesf2
 .text          0x000006f2       0x60 c:/imt_sdk_win_64/winavr/bin/../lib/gcc/avr/4.3.3/avr5\libgcc.a(_lt_sf.o)
                0x000006f2                __ltsf2
 .text          0x00000752       0xa8 c:/imt_sdk_win_64/winavr/bin/../lib/gcc/avr/4.3.3/avr5\libgcc.a(_sf_to_si.o)
                0x00000752                __fixsfsi
 .text          0x000007fa        0x0 c:/imt_sdk_win_64/winavr/bin/../lib/gcc/avr/4.3.3/avr5\libgcc.a(_thenan_sf.o)
 .text          0x000007fa        0x0 c:/imt_sdk_win_64/winavr/bin/../lib/gcc/avr/4.3.3/avr5\libgcc.a(_prologue.o)
 .text          0x000007fa        0x0 c:/imt_sdk_win_64/winavr/bin/../lib/gcc/avr/4.3.3/avr5\libgcc.a(_epilogue.o)
 .text          0x000007fa      0x1aa c:/imt_sdk_win_64/winavr/bin/../lib/gcc/avr/4.3.3/avr5\libgcc.a(_pack_sf.o)
                0x000007fa                __pack_f
 .text          0x000009a4       0xf0 c:/imt_sdk_win_64/winavr/bin/../lib/gcc/avr/4.3.3/avr5\libgcc.a(_unpack_sf.o)
                0x000009a4                __unpack_f
 .text          0x00000a94       0xb2 c:/imt_sdk_win_64/winavr/bin/../lib/gcc/avr/4.3.3/avr5\libgcc.a(_fpcmp_parts_sf.o)
                0x00000a94                __fpcmp_parts_f
 .text          0x00000b46        0x0 c:/imt_sdk_win_64/winavr/bin/../lib/gcc/avr/4.3.3/../../../../avr/lib/avr5\libc.a(malloc.o)
 .text          0x00000b46        0x0 c:/imt_sdk_win_64/winavr/bin/../lib/gcc/avr/4.3.3/../../../../avr/lib/avr5\libc.a(memcpy.o)
                0x00000b46                . = ALIGN (0x2)
 *(.text.*)
 .text.pvPortMalloc
                0x00000b46       0x36 ./FreeRTOS/Source/portable/MemMang/heap_3.o
                0x00000b46                pvPortMalloc
 .text.vPortFree
                0x00000b7c       0x30 ./FreeRTOS/Source/portable/MemMang/heap_3.o
                0x00000b7c                vPortFree
 .text.pxPortInitialiseStack
                0x00000bac      0x306 ./FreeRTOS/Source/portable/GCC/ATMega323/port.o
                0x00000bac                pxPortInitialiseStack
 .text.xPortStartScheduler
                0x00000eb2       0x6a ./FreeRTOS/Source/portable/GCC/ATMega323/port.o
                0x00000eb2                xPortStartScheduler
 .text.vPortEndScheduler
                0x00000f1c        0xe ./FreeRTOS/Source/portable/GCC/ATMega323/port.o
                0x00000f1c                vPortEndScheduler
 .text.vPortYield
                0x00000f2a       0xb2 ./FreeRTOS/Source/portable/GCC/ATMega323/port.o
                0x00000f2a                vPortYield
 .text.vPortYieldFromTick
                0x00000fdc       0xba ./FreeRTOS/Source/portable/GCC/ATMega323/port.o
                0x00000fdc                vPortYieldFromTick
 .text.prvSetupTimerInterrupt
                0x00001096       0xb8 ./FreeRTOS/Source/portable/GCC/ATMega323/port.o
 .text.__vector_7
                0x0000114e        0x6 ./FreeRTOS/Source/portable/GCC/ATMega323/port.o
                0x0000114e                __vector_7
 .text.xCoRoutineCreate
                0x00001154      0x128 ./FreeRTOS/Source/croutine.o
                0x00001154                xCoRoutineCreate
 .text.vCoRoutineAddToDelayedList
                0x0000127c       0xc2 ./FreeRTOS/Source/croutine.o
                0x0000127c                vCoRoutineAddToDelayedList
 .text.prvCheckPendingReadyList
                0x0000133e       0x94 ./FreeRTOS/Source/croutine.o
 .text.prvCheckDelayedList
                0x000013d2      0x15c ./FreeRTOS/Source/croutine.o
 .text.vCoRoutineSchedule
                0x0000152e       0xf4 ./FreeRTOS/Source/croutine.o
                0x0000152e                vCoRoutineSchedule
 .text.prvInitialiseCoRoutineLists
                0x00001622       0x72 ./FreeRTOS/Source/croutine.o
 .text.xCoRoutineRemoveFromEventList
                0x00001694       0x70 ./FreeRTOS/Source/croutine.o
                0x00001694                xCoRoutineRemoveFromEventList
 .text.xEventGroupCreate
                0x00001704       0x3e ./FreeRTOS/Source/event_groups.o
                0x00001704                xEventGroupCreate
 .text.xEventGroupSync
                0x00001742      0x172 ./FreeRTOS/Source/event_groups.o
                0x00001742                xEventGroupSync
 .text.xEventGroupWaitBits
                0x000018b4      0x18c ./FreeRTOS/Source/event_groups.o
                0x000018b4                xEventGroupWaitBits
 .text.xEventGroupClearBits
                0x00001a40       0x6c ./FreeRTOS/Source/event_groups.o
                0x00001a40                xEventGroupClearBits
 .text.xEventGroupGetBitsFromISR
                0x00001aac       0x44 ./FreeRTOS/Source/event_groups.o
                0x00001aac                xEventGroupGetBitsFromISR
 .text.xEventGroupSetBits
                0x00001af0      0x164 ./FreeRTOS/Source/event_groups.o
                0x00001af0                xEventGroupSetBits
 .text.vEventGroupDelete
                0x00001c54       0x62 ./FreeRTOS/Source/event_groups.o
                0x00001c54                vEventGroupDelete
 .text.vEventGroupSetBitsCallback
                0x00001cb6       0x3a ./FreeRTOS/Source/event_groups.o
                0x00001cb6                vEventGroupSetBitsCallback
 .text.vEventGroupClearBitsCallback
                0x00001cf0       0x3a ./FreeRTOS/Source/event_groups.o
                0x00001cf0                vEventGroupClearBitsCallback
 .text.prvTestWaitCondition
                0x00001d2a       0x64 ./FreeRTOS/Source/event_groups.o
 .text.vListInitialise
                0x00001d8e       0x54 ./FreeRTOS/Source/list.o
                0x00001d8e                vListInitialise
 .text.vListInitialiseItem
                0x00001de2       0x20 ./FreeRTOS/Source/list.o
                0x00001de2                vListInitialiseItem
 .text.vListInsertEnd
                0x00001e02       0x88 ./FreeRTOS/Source/list.o
                0x00001e02                vListInsertEnd
 .text.vListInsert
                0x00001e8a       0xd8 ./FreeRTOS/Source/list.o
                0x00001e8a                vListInsert
 .text.uxListRemove
                0x00001f62       0x98 ./FreeRTOS/Source/list.o
                0x00001f62                uxListRemove
 .text.xQueueGenericReset
                0x00001ffa      0x10c ./FreeRTOS/Source/queue.o
                0x00001ffa                xQueueGenericReset
 .text.xQueueGenericCreate
                0x00002106       0x96 ./FreeRTOS/Source/queue.o
                0x00002106                xQueueGenericCreate
 .text.prvInitialiseNewQueue
                0x0000219c       0x76 ./FreeRTOS/Source/queue.o
 .text.xQueueGenericSend
                0x00002212      0x158 ./FreeRTOS/Source/queue.o
                0x00002212                xQueueGenericSend
 .text.xQueueGenericSendFromISR
                0x0000236a       0xb8 ./FreeRTOS/Source/queue.o
                0x0000236a                xQueueGenericSendFromISR
 .text.xQueueGiveFromISR
                0x00002422       0xa2 ./FreeRTOS/Source/queue.o
                0x00002422                xQueueGiveFromISR
 .text.xQueueReceive
                0x000024c4      0x156 ./FreeRTOS/Source/queue.o
                0x000024c4                xQueueReceive
 .text.xQueueSemaphoreTake
                0x0000261a      0x144 ./FreeRTOS/Source/queue.o
                0x0000261a                xQueueSemaphoreTake
 .text.xQueuePeek
                0x0000275e      0x164 ./FreeRTOS/Source/queue.o
                0x0000275e                xQueuePeek
 .text.xQueueReceiveFromISR
                0x000028c2       0xae ./FreeRTOS/Source/queue.o
                0x000028c2                xQueueReceiveFromISR
 .text.xQueuePeekFromISR
                0x00002970       0x72 ./FreeRTOS/Source/queue.o
                0x00002970                xQueuePeekFromISR
 .text.uxQueueMessagesWaiting
                0x000029e2       0x30 ./FreeRTOS/Source/queue.o
                0x000029e2                uxQueueMessagesWaiting
 .text.uxQueueSpacesAvailable
                0x00002a12       0x4a ./FreeRTOS/Source/queue.o
                0x00002a12                uxQueueSpacesAvailable
 .text.uxQueueMessagesWaitingFromISR
                0x00002a5c       0x34 ./FreeRTOS/Source/queue.o
                0x00002a5c                uxQueueMessagesWaitingFromISR
 .text.vQueueDelete
                0x00002a90       0x2e ./FreeRTOS/Source/queue.o
                0x00002a90                vQueueDelete
 .text.prvCopyDataToQueue
                0x00002abe      0x14c ./FreeRTOS/Source/queue.o
 .text.prvCopyDataFromQueue
                0x00002c0a       0x8e ./FreeRTOS/Source/queue.o
 .text.prvUnlockQueue
                0x00002c98       0xa6 ./FreeRTOS/Source/queue.o
 .text.prvIsQueueEmpty
                0x00002d3e       0x3a ./FreeRTOS/Source/queue.o
 .text.xQueueIsQueueEmptyFromISR
                0x00002d78       0x3e ./FreeRTOS/Source/queue.o
                0x00002d78                xQueueIsQueueEmptyFromISR
 .text.prvIsQueueFull
                0x00002db6       0x40 ./FreeRTOS/Source/queue.o
 .text.xQueueIsQueueFullFromISR
                0x00002df6       0x44 ./FreeRTOS/Source/queue.o
                0x00002df6                xQueueIsQueueFullFromISR
 .text.xQueueCRSend
                0x00002e3a       0xc2 ./FreeRTOS/Source/queue.o
                0x00002e3a                xQueueCRSend
 .text.xQueueCRReceive
                0x00002efc      0x11c ./FreeRTOS/Source/queue.o
                0x00002efc                xQueueCRReceive
 .text.xQueueCRSendFromISR
                0x00003018       0x82 ./FreeRTOS/Source/queue.o
                0x00003018                xQueueCRSendFromISR
 .text.xQueueCRReceiveFromISR
                0x0000309a       0xea ./FreeRTOS/Source/queue.o
                0x0000309a                xQueueCRReceiveFromISR
 .text.xTaskCreate
                0x00003184       0xf0 ./FreeRTOS/Source/tasks.o
                0x00003184                xTaskCreate
 .text.prvInitialiseNewTask
                0x00003274      0x178 ./FreeRTOS/Source/tasks.o
 .text.prvAddNewTaskToReadyList
                0x000033ec       0xf0 ./FreeRTOS/Source/tasks.o
 .text.vTaskDelete
                0x000034dc       0xe4 ./FreeRTOS/Source/tasks.o
                0x000034dc                vTaskDelete
 .text.vTaskDelayUntil
                0x000035c0       0xe4 ./FreeRTOS/Source/tasks.o
                0x000035c0                vTaskDelayUntil
 .text.vTaskDelay
                0x000036a4       0x44 ./FreeRTOS/Source/tasks.o
                0x000036a4                vTaskDelay
 .text.vTaskStartScheduler
                0x000036e8       0x64 ./FreeRTOS/Source/tasks.o
                0x000036e8                vTaskStartScheduler
 .text.vTaskEndScheduler
                0x0000374c       0x18 ./FreeRTOS/Source/tasks.o
                0x0000374c                vTaskEndScheduler
 .text.vTaskSuspendAll
                0x00003764       0x18 ./FreeRTOS/Source/tasks.o
                0x00003764                vTaskSuspendAll
 .text.xTaskResumeAll
                0x0000377c      0x13c ./FreeRTOS/Source/tasks.o
                0x0000377c                xTaskResumeAll
 .text.xTaskGetTickCount
                0x000038b8       0x2e ./FreeRTOS/Source/tasks.o
                0x000038b8                xTaskGetTickCount
 .text.xTaskGetTickCountFromISR
                0x000038e6       0x2a ./FreeRTOS/Source/tasks.o
                0x000038e6                xTaskGetTickCountFromISR
 .text.uxTaskGetNumberOfTasks
                0x00003910       0x12 ./FreeRTOS/Source/tasks.o
                0x00003910                uxTaskGetNumberOfTasks
 .text.pcTaskGetName
                0x00003922       0x50 ./FreeRTOS/Source/tasks.o
                0x00003922                pcTaskGetName
 .text.xTaskCatchUpTicks
                0x00003972       0x42 ./FreeRTOS/Source/tasks.o
                0x00003972                xTaskCatchUpTicks
 .text.xTaskIncrementTick
                0x000039b4      0x1d2 ./FreeRTOS/Source/tasks.o
                0x000039b4                xTaskIncrementTick
 .text.vTaskSwitchContext
                0x00003b86       0xda ./FreeRTOS/Source/tasks.o
                0x00003b86                vTaskSwitchContext
 .text.vTaskPlaceOnEventList
                0x00003c60       0x44 ./FreeRTOS/Source/tasks.o
                0x00003c60                vTaskPlaceOnEventList
 .text.vTaskPlaceOnUnorderedEventList
                0x00003ca4       0x60 ./FreeRTOS/Source/tasks.o
                0x00003ca4                vTaskPlaceOnUnorderedEventList
 .text.xTaskRemoveFromEventList
                0x00003d04       0xd6 ./FreeRTOS/Source/tasks.o
                0x00003d04                xTaskRemoveFromEventList
 .text.vTaskRemoveFromUnorderedEventList
                0x00003dda       0xba ./FreeRTOS/Source/tasks.o
                0x00003dda                vTaskRemoveFromUnorderedEventList
 .text.vTaskSetTimeOutState
                0x00003e94       0x3c ./FreeRTOS/Source/tasks.o
                0x00003e94                vTaskSetTimeOutState
 .text.vTaskInternalSetTimeOutState
                0x00003ed0       0x32 ./FreeRTOS/Source/tasks.o
                0x00003ed0                vTaskInternalSetTimeOutState
 .text.xTaskCheckForTimeOut
                0x00003f02       0xc6 ./FreeRTOS/Source/tasks.o
                0x00003f02                xTaskCheckForTimeOut
 .text.vTaskMissedYield
                0x00003fc8       0x14 ./FreeRTOS/Source/tasks.o
                0x00003fc8                vTaskMissedYield
 .text.prvIdleTask
                0x00003fdc       0x20 ./FreeRTOS/Source/tasks.o
 .text.prvInitialiseTaskLists
                0x00003ffc       0x7a ./FreeRTOS/Source/tasks.o
 .text.prvCheckTasksWaitingTermination
                0x00004076       0x5e ./FreeRTOS/Source/tasks.o
 .text.prvDeleteTCB
                0x000040d4       0x2c ./FreeRTOS/Source/tasks.o
 .text.prvResetNextTaskUnblockTime
                0x00004100       0x56 ./FreeRTOS/Source/tasks.o
 .text.uxTaskResetEventItemValue
                0x00004156       0x4e ./FreeRTOS/Source/tasks.o
                0x00004156                uxTaskResetEventItemValue
 .text.ulTaskNotifyTake
                0x000041a4       0xee ./FreeRTOS/Source/tasks.o
                0x000041a4                ulTaskNotifyTake
 .text.xTaskNotifyWait
                0x00004292      0x138 ./FreeRTOS/Source/tasks.o
                0x00004292                xTaskNotifyWait
 .text.xTaskGenericNotify
                0x000043ca      0x1ba ./FreeRTOS/Source/tasks.o
                0x000043ca                xTaskGenericNotify
 .text.xTaskGenericNotifyFromISR
                0x00004584      0x1f0 ./FreeRTOS/Source/tasks.o
                0x00004584                xTaskGenericNotifyFromISR
 .text.vTaskNotifyGiveFromISR
                0x00004774      0x10c ./FreeRTOS/Source/tasks.o
                0x00004774                vTaskNotifyGiveFromISR
 .text.xTaskNotifyStateClear
                0x00004880       0x74 ./FreeRTOS/Source/tasks.o
                0x00004880                xTaskNotifyStateClear
 .text.ulTaskNotifyValueClear
                0x000048f4       0xb6 ./FreeRTOS/Source/tasks.o
                0x000048f4                ulTaskNotifyValueClear
 .text.prvAddCurrentTaskToDelayedList
                0x000049aa       0xcc ./FreeRTOS/Source/tasks.o
 .text.DIO_SetPinValue
                0x00004a76      0x210 ./DIO_prog.o
                0x00004a76                DIO_SetPinValue
 .text.DIO_GetPinValue
                0x00004c86      0x108 ./DIO_prog.o
                0x00004c86                DIO_GetPinValue
 .text.DIO_SetPinDirection
                0x00004d8e      0x210 ./DIO_prog.o
                0x00004d8e                DIO_SetPinDirection
 .text.DIO_SetPortDirection
                0x00004f9e       0x82 ./DIO_prog.o
                0x00004f9e                DIO_SetPortDirection
 .text.DIO_SetPortValue
                0x00005020       0x82 ./DIO_prog.o
                0x00005020                DIO_SetPortValue
 .text.main     0x000050a2       0x54 ./main.o
                0x000050a2                main
 .text.vTask1_Function
                0x000050f6      0x10a ./main.o
                0x000050f6                vTask1_Function
 .text.vTask2_Function
                0x00005200      0x10a ./main.o
                0x00005200                vTask2_Function
 .text.vid_SystemInit
                0x0000530a       0x22 ./program.o
                0x0000530a                vid_SystemInit
 .text.RedLed_ON
                0x0000532c       0x22 ./program.o
                0x0000532c                RedLed_ON
 .text.RedLed_OFF
                0x0000534e       0x18 ./program.o
                0x0000534e                RedLed_OFF
 .text.GreenLed_ON
                0x00005366       0x22 ./program.o
                0x00005366                GreenLed_ON
 .text.GreenLed_OFF
                0x00005388       0x18 ./program.o
                0x00005388                GreenLed_OFF
 .text.libgcc   0x000053a0        0x0 c:/imt_sdk_win_64/winavr/bin/../lib/gcc/avr/4.3.3/avr5\libgcc.a(_exit.o)
 .text.libgcc   0x000053a0        0x0 c:/imt_sdk_win_64/winavr/bin/../lib/gcc/avr/4.3.3/avr5\libgcc.a(_copy_data.o)
 .text.libgcc   0x000053a0        0x0 c:/imt_sdk_win_64/winavr/bin/../lib/gcc/avr/4.3.3/avr5\libgcc.a(_clear_bss.o)
 .text.libgcc   0x000053a0       0x38 c:/imt_sdk_win_64/winavr/bin/../lib/gcc/avr/4.3.3/avr5\libgcc.a(_prologue.o)
                0x000053a0                __prologue_saves__
 .text.libgcc   0x000053d8       0x36 c:/imt_sdk_win_64/winavr/bin/../lib/gcc/avr/4.3.3/avr5\libgcc.a(_epilogue.o)
                0x000053d8                __epilogue_restores__
 .text.avr-libc
                0x0000540e      0x20a c:/imt_sdk_win_64/winavr/bin/../lib/gcc/avr/4.3.3/../../../../avr/lib/avr5\libc.a(malloc.o)
                0x0000540e                malloc
                0x00005568                free
 .text.avr-libc
                0x00005618       0x12 c:/imt_sdk_win_64/winavr/bin/../lib/gcc/avr/4.3.3/../../../../avr/lib/avr5\libc.a(memcpy.o)
                0x00005618                memcpy
                0x0000562a                . = ALIGN (0x2)
 *(.fini9)
 .fini9         0x0000562a        0x0 c:/imt_sdk_win_64/winavr/bin/../lib/gcc/avr/4.3.3/avr5\libgcc.a(_exit.o)
                0x0000562a                exit
                0x0000562a                _exit
 *(.fini9)
 *(.fini8)
 *(.fini8)
 *(.fini7)
 *(.fini7)
 *(.fini6)
 *(.fini6)
 *(.fini5)
 *(.fini5)
 *(.fini4)
 *(.fini4)
 *(.fini3)
 *(.fini3)
 *(.fini2)
 *(.fini2)
 *(.fini1)
 *(.fini1)
 *(.fini0)
 .fini0         0x0000562a        0x4 c:/imt_sdk_win_64/winavr/bin/../lib/gcc/avr/4.3.3/avr5\libgcc.a(_exit.o)
 *(.fini0)
                0x0000562e                _etext = .

.data           0x00800060       0x2a load address 0x0000562e
                0x00800060                PROVIDE (__data_start, .)
 *(.data)
 .data          0x00800060        0x0 c:/imt_sdk_win_64/winavr/bin/../lib/gcc/avr/4.3.3/../../../../avr/lib/avr5/crtm32.o
 .data          0x00800060        0x0 ./FreeRTOS/Source/portable/MemMang/heap_3.o
 .data          0x00800060        0x0 ./FreeRTOS/Source/portable/GCC/ATMega323/port.o
 .data          0x00800060        0x0 ./FreeRTOS/Source/croutine.o
 .data          0x00800060        0x0 ./FreeRTOS/Source/event_groups.o
 .data          0x00800060        0x0 ./FreeRTOS/Source/list.o
 .data          0x00800060        0x0 ./FreeRTOS/Source/queue.o
 .data          0x00800060        0x5 ./FreeRTOS/Source/tasks.o
 .data          0x00800065        0x0 ./FreeRTOS/Source/timers.o
 .data          0x00800065        0x0 ./DIO_prog.o
 .data          0x00800065       0x17 ./main.o
 .data          0x0080007c        0x0 ./program.o
 .data          0x0080007c        0x0 c:/imt_sdk_win_64/winavr/bin/../lib/gcc/avr/4.3.3/avr5\libgcc.a(_exit.o)
 .data          0x0080007c        0x0 c:/imt_sdk_win_64/winavr/bin/../lib/gcc/avr/4.3.3/avr5\libgcc.a(_copy_data.o)
 .data          0x0080007c        0x0 c:/imt_sdk_win_64/winavr/bin/../lib/gcc/avr/4.3.3/avr5\libgcc.a(_clear_bss.o)
 .data          0x0080007c        0x0 c:/imt_sdk_win_64/winavr/bin/../lib/gcc/avr/4.3.3/avr5\libgcc.a(_fixunssfsi.o)
 .data          0x0080007c        0x0 c:/imt_sdk_win_64/winavr/bin/../lib/gcc/avr/4.3.3/avr5\libgcc.a(_addsub_sf.o)
 .data          0x0080007c        0x0 c:/imt_sdk_win_64/winavr/bin/../lib/gcc/avr/4.3.3/avr5\libgcc.a(_mul_sf.o)
 .data          0x0080007c        0x0 c:/imt_sdk_win_64/winavr/bin/../lib/gcc/avr/4.3.3/avr5\libgcc.a(_gt_sf.o)
 .data          0x0080007c        0x0 c:/imt_sdk_win_64/winavr/bin/../lib/gcc/avr/4.3.3/avr5\libgcc.a(_ge_sf.o)
 .data          0x0080007c        0x0 c:/imt_sdk_win_64/winavr/bin/../lib/gcc/avr/4.3.3/avr5\libgcc.a(_lt_sf.o)
 .data          0x0080007c        0x0 c:/imt_sdk_win_64/winavr/bin/../lib/gcc/avr/4.3.3/avr5\libgcc.a(_sf_to_si.o)
 .data          0x0080007c        0x8 c:/imt_sdk_win_64/winavr/bin/../lib/gcc/avr/4.3.3/avr5\libgcc.a(_thenan_sf.o)
                0x0080007c                __thenan_sf
 .data          0x00800084        0x0 c:/imt_sdk_win_64/winavr/bin/../lib/gcc/avr/4.3.3/avr5\libgcc.a(_prologue.o)
 .data          0x00800084        0x0 c:/imt_sdk_win_64/winavr/bin/../lib/gcc/avr/4.3.3/avr5\libgcc.a(_epilogue.o)
 .data          0x00800084        0x0 c:/imt_sdk_win_64/winavr/bin/../lib/gcc/avr/4.3.3/avr5\libgcc.a(_pack_sf.o)
 .data          0x00800084        0x0 c:/imt_sdk_win_64/winavr/bin/../lib/gcc/avr/4.3.3/avr5\libgcc.a(_unpack_sf.o)
 .data          0x00800084        0x0 c:/imt_sdk_win_64/winavr/bin/../lib/gcc/avr/4.3.3/avr5\libgcc.a(_fpcmp_parts_sf.o)
 .data          0x00800084        0x6 c:/imt_sdk_win_64/winavr/bin/../lib/gcc/avr/4.3.3/../../../../avr/lib/avr5\libc.a(malloc.o)
                0x00800086                __malloc_heap_start
                0x00800088                __malloc_heap_end
                0x00800084                __malloc_margin
 .data          0x0080008a        0x0 c:/imt_sdk_win_64/winavr/bin/../lib/gcc/avr/4.3.3/../../../../avr/lib/avr5\libc.a(memcpy.o)
 *(.data*)
 *(.rodata)
 *(.rodata*)
 *(.gnu.linkonce.d*)
                0x0080008a                . = ALIGN (0x2)
                0x0080008a                _edata = .
                0x0080008a                PROVIDE (__data_end, .)

.bss            0x0080008a       0xa0
                0x0080008a                PROVIDE (__bss_start, .)
 *(.bss)
 .bss           0x0080008a        0x0 c:/imt_sdk_win_64/winavr/bin/../lib/gcc/avr/4.3.3/../../../../avr/lib/avr5/crtm32.o
 .bss           0x0080008a        0x0 ./FreeRTOS/Source/portable/MemMang/heap_3.o
 .bss           0x0080008a        0x0 ./FreeRTOS/Source/portable/GCC/ATMega323/port.o
 .bss           0x0080008a        0x0 ./FreeRTOS/Source/croutine.o
 .bss           0x0080008a        0x0 ./FreeRTOS/Source/event_groups.o
 .bss           0x0080008a        0x0 ./FreeRTOS/Source/list.o
 .bss           0x0080008a        0x0 ./FreeRTOS/Source/queue.o
 .bss           0x0080008a        0x0 ./FreeRTOS/Source/tasks.o
 .bss           0x0080008a        0x0 ./FreeRTOS/Source/timers.o
 .bss           0x0080008a        0x0 ./DIO_prog.o
 .bss           0x0080008a        0x0 ./main.o
 .bss           0x0080008a        0x0 ./program.o
 .bss           0x0080008a        0x0 c:/imt_sdk_win_64/winavr/bin/../lib/gcc/avr/4.3.3/avr5\libgcc.a(_exit.o)
 .bss           0x0080008a        0x0 c:/imt_sdk_win_64/winavr/bin/../lib/gcc/avr/4.3.3/avr5\libgcc.a(_copy_data.o)
 .bss           0x0080008a        0x0 c:/imt_sdk_win_64/winavr/bin/../lib/gcc/avr/4.3.3/avr5\libgcc.a(_clear_bss.o)
 .bss           0x0080008a        0x0 c:/imt_sdk_win_64/winavr/bin/../lib/gcc/avr/4.3.3/avr5\libgcc.a(_fixunssfsi.o)
 .bss           0x0080008a        0x0 c:/imt_sdk_win_64/winavr/bin/../lib/gcc/avr/4.3.3/avr5\libgcc.a(_addsub_sf.o)
 .bss           0x0080008a        0x0 c:/imt_sdk_win_64/winavr/bin/../lib/gcc/avr/4.3.3/avr5\libgcc.a(_mul_sf.o)
 .bss           0x0080008a        0x0 c:/imt_sdk_win_64/winavr/bin/../lib/gcc/avr/4.3.3/avr5\libgcc.a(_gt_sf.o)
 .bss           0x0080008a        0x0 c:/imt_sdk_win_64/winavr/bin/../lib/gcc/avr/4.3.3/avr5\libgcc.a(_ge_sf.o)
 .bss           0x0080008a        0x0 c:/imt_sdk_win_64/winavr/bin/../lib/gcc/avr/4.3.3/avr5\libgcc.a(_lt_sf.o)
 .bss           0x0080008a        0x0 c:/imt_sdk_win_64/winavr/bin/../lib/gcc/avr/4.3.3/avr5\libgcc.a(_sf_to_si.o)
 .bss           0x0080008a        0x0 c:/imt_sdk_win_64/winavr/bin/../lib/gcc/avr/4.3.3/avr5\libgcc.a(_thenan_sf.o)
 .bss           0x0080008a        0x0 c:/imt_sdk_win_64/winavr/bin/../lib/gcc/avr/4.3.3/avr5\libgcc.a(_prologue.o)
 .bss           0x0080008a        0x0 c:/imt_sdk_win_64/winavr/bin/../lib/gcc/avr/4.3.3/avr5\libgcc.a(_epilogue.o)
 .bss           0x0080008a        0x0 c:/imt_sdk_win_64/winavr/bin/../lib/gcc/avr/4.3.3/avr5\libgcc.a(_pack_sf.o)
 .bss           0x0080008a        0x0 c:/imt_sdk_win_64/winavr/bin/../lib/gcc/avr/4.3.3/avr5\libgcc.a(_unpack_sf.o)
 .bss           0x0080008a        0x0 c:/imt_sdk_win_64/winavr/bin/../lib/gcc/avr/4.3.3/avr5\libgcc.a(_fpcmp_parts_sf.o)
 .bss           0x0080008a        0x0 c:/imt_sdk_win_64/winavr/bin/../lib/gcc/avr/4.3.3/../../../../avr/lib/avr5\libc.a(malloc.o)
 .bss           0x0080008a        0x0 c:/imt_sdk_win_64/winavr/bin/../lib/gcc/avr/4.3.3/../../../../avr/lib/avr5\libc.a(memcpy.o)
 *(.bss*)
 .bss.pxCurrentCoRoutine
                0x0080008a        0x2 ./FreeRTOS/Source/croutine.o
                0x0080008a                pxCurrentCoRoutine
 .bss.uxTopCoRoutineReadyPriority
                0x0080008c        0x1 ./FreeRTOS/Source/croutine.o
 .bss.xCoRoutineTickCount
                0x0080008d        0x2 ./FreeRTOS/Source/croutine.o
 .bss.xLastTickCount
                0x0080008f        0x2 ./FreeRTOS/Source/croutine.o
 .bss.xPassedTicks
                0x00800091        0x2 ./FreeRTOS/Source/croutine.o
 .bss.pxReadyCoRoutineLists
                0x00800093       0x12 ./FreeRTOS/Source/croutine.o
 .bss.xDelayedCoRoutineList1
                0x008000a5        0x9 ./FreeRTOS/Source/croutine.o
 .bss.xDelayedCoRoutineList2
                0x008000ae        0x9 ./FreeRTOS/Source/croutine.o
 .bss.pxDelayedCoRoutineList
                0x008000b7        0x2 ./FreeRTOS/Source/croutine.o
 .bss.pxOverflowDelayedCoRoutineList
                0x008000b9        0x2 ./FreeRTOS/Source/croutine.o
 .bss.xPendingReadyCoRoutineList
                0x008000bb        0x9 ./FreeRTOS/Source/croutine.o
 .bss.pxCurrentTCB
                0x008000c4        0x2 ./FreeRTOS/Source/tasks.o
                0x008000c4                pxCurrentTCB
 .bss.uxDeletedTasksWaitingCleanUp
                0x008000c6        0x1 ./FreeRTOS/Source/tasks.o
 .bss.uxCurrentNumberOfTasks
                0x008000c7        0x1 ./FreeRTOS/Source/tasks.o
 .bss.xTickCount
                0x008000c8        0x2 ./FreeRTOS/Source/tasks.o
 .bss.uxTopReadyPriority
                0x008000ca        0x1 ./FreeRTOS/Source/tasks.o
 .bss.xSchedulerRunning
                0x008000cb        0x1 ./FreeRTOS/Source/tasks.o
 .bss.xPendedTicks
                0x008000cc        0x2 ./FreeRTOS/Source/tasks.o
 .bss.xYieldPending
                0x008000ce        0x1 ./FreeRTOS/Source/tasks.o
 .bss.xNumOfOverflows
                0x008000cf        0x1 ./FreeRTOS/Source/tasks.o
 .bss.uxTaskNumber
                0x008000d0        0x1 ./FreeRTOS/Source/tasks.o
 .bss.xNextTaskUnblockTime
                0x008000d1        0x2 ./FreeRTOS/Source/tasks.o
 .bss.xIdleTaskHandle
                0x008000d3        0x2 ./FreeRTOS/Source/tasks.o
 .bss.uxSchedulerSuspended
                0x008000d5        0x1 ./FreeRTOS/Source/tasks.o
 .bss.pxReadyTasksLists
                0x008000d6       0x24 ./FreeRTOS/Source/tasks.o
 .bss.xDelayedTaskList1
                0x008000fa        0x9 ./FreeRTOS/Source/tasks.o
 .bss.xDelayedTaskList2
                0x00800103        0x9 ./FreeRTOS/Source/tasks.o
 .bss.pxDelayedTaskList
                0x0080010c        0x2 ./FreeRTOS/Source/tasks.o
 .bss.pxOverflowDelayedTaskList
                0x0080010e        0x2 ./FreeRTOS/Source/tasks.o
 .bss.xPendingReadyList
                0x00800110        0x9 ./FreeRTOS/Source/tasks.o
 .bss.xTasksWaitingTermination
                0x00800119        0x9 ./FreeRTOS/Source/tasks.o
 .bss.xTask1_Handle
                0x00800122        0x2 ./main.o
                0x00800122                xTask1_Handle
 .bss.xTask2_Handle
                0x00800124        0x2 ./main.o
                0x00800124                xTask2_Handle
 *(COMMON)
 COMMON         0x00800126        0x4 c:/imt_sdk_win_64/winavr/bin/../lib/gcc/avr/4.3.3/../../../../avr/lib/avr5\libc.a(malloc.o)
                0x00800126                __brkval
                0x00800128                __flp
                0x0080012a                PROVIDE (__bss_end, .)
                0x0000562e                __data_load_start = LOADADDR (.data)
                0x00005658                __data_load_end = (__data_load_start + SIZEOF (.data))

.noinit         0x0080012a        0x0
                0x0080012a                PROVIDE (__noinit_start, .)
 *(.noinit*)
                0x0080012a                PROVIDE (__noinit_end, .)
                0x0080012a                _end = .
                0x0080012a                PROVIDE (__heap_start, .)

.eeprom         0x00810000        0x0
 *(.eeprom*)
                0x00810000                __eeprom_end = .

.fuse
 *(.fuse)
 *(.lfuse)
 *(.hfuse)
 *(.efuse)

.lock
 *(.lock*)

.signature
 *(.signature*)

.stab           0x00000000     0x76e0
 *(.stab)
 .stab          0x00000000      0x738 ./FreeRTOS/Source/portable/MemMang/heap_3.o
 .stab          0x00000738      0x840 ./FreeRTOS/Source/portable/GCC/ATMega323/port.o
                                0xcfc (size before relaxing)
 .stab          0x00000f78      0x990 ./FreeRTOS/Source/croutine.o
                                0xccc (size before relaxing)
 .stab          0x00001908      0xc6c ./FreeRTOS/Source/event_groups.o
                               0x1134 (size before relaxing)
 .stab          0x00002574      0x474 ./FreeRTOS/Source/list.o
                                0x870 (size before relaxing)
 .stab          0x000029e8     0x1f80 ./FreeRTOS/Source/queue.o
                               0x2484 (size before relaxing)
 .stab          0x00004968     0x2160 ./FreeRTOS/Source/tasks.o
                               0x2658 (size before relaxing)
 .stab          0x00006ac8      0x1a4 ./FreeRTOS/Source/timers.o
                                0x6cc (size before relaxing)
 .stab          0x00006c6c      0x4c8 ./DIO_prog.o
                                0x4d4 (size before relaxing)
 .stab          0x00007134      0x3b4 ./main.o
                                0x834 (size before relaxing)
 .stab          0x000074e8      0x1f8 ./program.o
                                0x270 (size before relaxing)

.stabstr        0x00000000     0x46a3
 *(.stabstr)
 .stabstr       0x00000000     0x46a3 ./FreeRTOS/Source/portable/MemMang/heap_3.o

.stab.excl
 *(.stab.excl)

.stab.exclstr
 *(.stab.exclstr)

.stab.index
 *(.stab.index)

.stab.indexstr
 *(.stab.indexstr)

.comment
 *(.comment)

.debug
 *(.debug)

.line
 *(.line)

.debug_srcinfo
 *(.debug_srcinfo)

.debug_sfnames
 *(.debug_sfnames)

.debug_aranges  0x00000000      0x140
 *(.debug_aranges)
 .debug_aranges
                0x00000000       0x20 c:/imt_sdk_win_64/winavr/bin/../lib/gcc/avr/4.3.3/avr5\libgcc.a(_fixunssfsi.o)
 .debug_aranges
                0x00000020       0x20 c:/imt_sdk_win_64/winavr/bin/../lib/gcc/avr/4.3.3/avr5\libgcc.a(_addsub_sf.o)
 .debug_aranges
                0x00000040       0x20 c:/imt_sdk_win_64/winavr/bin/../lib/gcc/avr/4.3.3/avr5\libgcc.a(_mul_sf.o)
 .debug_aranges
                0x00000060       0x20 c:/imt_sdk_win_64/winavr/bin/../lib/gcc/avr/4.3.3/avr5\libgcc.a(_gt_sf.o)
 .debug_aranges
                0x00000080       0x20 c:/imt_sdk_win_64/winavr/bin/../lib/gcc/avr/4.3.3/avr5\libgcc.a(_ge_sf.o)
 .debug_aranges
                0x000000a0       0x20 c:/imt_sdk_win_64/winavr/bin/../lib/gcc/avr/4.3.3/avr5\libgcc.a(_lt_sf.o)
 .debug_aranges
                0x000000c0       0x20 c:/imt_sdk_win_64/winavr/bin/../lib/gcc/avr/4.3.3/avr5\libgcc.a(_sf_to_si.o)
 .debug_aranges
                0x000000e0       0x20 c:/imt_sdk_win_64/winavr/bin/../lib/gcc/avr/4.3.3/avr5\libgcc.a(_pack_sf.o)
 .debug_aranges
                0x00000100       0x20 c:/imt_sdk_win_64/winavr/bin/../lib/gcc/avr/4.3.3/avr5\libgcc.a(_unpack_sf.o)
 .debug_aranges
                0x00000120       0x20 c:/imt_sdk_win_64/winavr/bin/../lib/gcc/avr/4.3.3/avr5\libgcc.a(_fpcmp_parts_sf.o)

.debug_pubnames
                0x00000000      0x170
 *(.debug_pubnames)
 .debug_pubnames
                0x00000000       0x23 c:/imt_sdk_win_64/winavr/bin/../lib/gcc/avr/4.3.3/avr5\libgcc.a(_fixunssfsi.o)
 .debug_pubnames
                0x00000023       0x2c c:/imt_sdk_win_64/winavr/bin/../lib/gcc/avr/4.3.3/avr5\libgcc.a(_addsub_sf.o)
 .debug_pubnames
                0x0000004f       0x1f c:/imt_sdk_win_64/winavr/bin/../lib/gcc/avr/4.3.3/avr5\libgcc.a(_mul_sf.o)
 .debug_pubnames
                0x0000006e       0x1e c:/imt_sdk_win_64/winavr/bin/../lib/gcc/avr/4.3.3/avr5\libgcc.a(_gt_sf.o)
 .debug_pubnames
                0x0000008c       0x1e c:/imt_sdk_win_64/winavr/bin/../lib/gcc/avr/4.3.3/avr5\libgcc.a(_ge_sf.o)
 .debug_pubnames
                0x000000aa       0x1e c:/imt_sdk_win_64/winavr/bin/../lib/gcc/avr/4.3.3/avr5\libgcc.a(_lt_sf.o)
 .debug_pubnames
                0x000000c8       0x20 c:/imt_sdk_win_64/winavr/bin/../lib/gcc/avr/4.3.3/avr5\libgcc.a(_sf_to_si.o)
 .debug_pubnames
                0x000000e8       0x22 c:/imt_sdk_win_64/winavr/bin/../lib/gcc/avr/4.3.3/avr5\libgcc.a(_thenan_sf.o)
 .debug_pubnames
                0x0000010a       0x1f c:/imt_sdk_win_64/winavr/bin/../lib/gcc/avr/4.3.3/avr5\libgcc.a(_pack_sf.o)
 .debug_pubnames
                0x00000129       0x21 c:/imt_sdk_win_64/winavr/bin/../lib/gcc/avr/4.3.3/avr5\libgcc.a(_unpack_sf.o)
 .debug_pubnames
                0x0000014a       0x26 c:/imt_sdk_win_64/winavr/bin/../lib/gcc/avr/4.3.3/avr5\libgcc.a(_fpcmp_parts_sf.o)

.debug_info     0x00000000     0x1c49
 *(.debug_info)
 .debug_info    0x00000000       0xb1 c:/imt_sdk_win_64/winavr/bin/../lib/gcc/avr/4.3.3/avr5\libgcc.a(_fixunssfsi.o)
 .debug_info    0x000000b1      0x47a c:/imt_sdk_win_64/winavr/bin/../lib/gcc/avr/4.3.3/avr5\libgcc.a(_addsub_sf.o)
 .debug_info    0x0000052b      0x485 c:/imt_sdk_win_64/winavr/bin/../lib/gcc/avr/4.3.3/avr5\libgcc.a(_mul_sf.o)
 .debug_info    0x000009b0      0x27f c:/imt_sdk_win_64/winavr/bin/../lib/gcc/avr/4.3.3/avr5\libgcc.a(_gt_sf.o)
 .debug_info    0x00000c2f      0x27f c:/imt_sdk_win_64/winavr/bin/../lib/gcc/avr/4.3.3/avr5\libgcc.a(_ge_sf.o)
 .debug_info    0x00000eae      0x27f c:/imt_sdk_win_64/winavr/bin/../lib/gcc/avr/4.3.3/avr5\libgcc.a(_lt_sf.o)
 .debug_info    0x0000112d      0x2b0 c:/imt_sdk_win_64/winavr/bin/../lib/gcc/avr/4.3.3/avr5\libgcc.a(_sf_to_si.o)
 .debug_info    0x000013dd      0x12c c:/imt_sdk_win_64/winavr/bin/../lib/gcc/avr/4.3.3/avr5\libgcc.a(_thenan_sf.o)
 .debug_info    0x00001509      0x2df c:/imt_sdk_win_64/winavr/bin/../lib/gcc/avr/4.3.3/avr5\libgcc.a(_pack_sf.o)
 .debug_info    0x000017e8      0x251 c:/imt_sdk_win_64/winavr/bin/../lib/gcc/avr/4.3.3/avr5\libgcc.a(_unpack_sf.o)
 .debug_info    0x00001a39      0x210 c:/imt_sdk_win_64/winavr/bin/../lib/gcc/avr/4.3.3/avr5\libgcc.a(_fpcmp_parts_sf.o)
 *(.gnu.linkonce.wi.*)

.debug_abbrev   0x00000000      0xeeb
 *(.debug_abbrev)
 .debug_abbrev  0x00000000       0x5d c:/imt_sdk_win_64/winavr/bin/../lib/gcc/avr/4.3.3/avr5\libgcc.a(_fixunssfsi.o)
 .debug_abbrev  0x0000005d      0x1ea c:/imt_sdk_win_64/winavr/bin/../lib/gcc/avr/4.3.3/avr5\libgcc.a(_addsub_sf.o)
 .debug_abbrev  0x00000247      0x21b c:/imt_sdk_win_64/winavr/bin/../lib/gcc/avr/4.3.3/avr5\libgcc.a(_mul_sf.o)
 .debug_abbrev  0x00000462      0x15a c:/imt_sdk_win_64/winavr/bin/../lib/gcc/avr/4.3.3/avr5\libgcc.a(_gt_sf.o)
 .debug_abbrev  0x000005bc      0x15a c:/imt_sdk_win_64/winavr/bin/../lib/gcc/avr/4.3.3/avr5\libgcc.a(_ge_sf.o)
 .debug_abbrev  0x00000716      0x15a c:/imt_sdk_win_64/winavr/bin/../lib/gcc/avr/4.3.3/avr5\libgcc.a(_lt_sf.o)
 .debug_abbrev  0x00000870      0x17f c:/imt_sdk_win_64/winavr/bin/../lib/gcc/avr/4.3.3/avr5\libgcc.a(_sf_to_si.o)
 .debug_abbrev  0x000009ef       0xad c:/imt_sdk_win_64/winavr/bin/../lib/gcc/avr/4.3.3/avr5\libgcc.a(_thenan_sf.o)
 .debug_abbrev  0x00000a9c      0x1c0 c:/imt_sdk_win_64/winavr/bin/../lib/gcc/avr/4.3.3/avr5\libgcc.a(_pack_sf.o)
 .debug_abbrev  0x00000c5c      0x154 c:/imt_sdk_win_64/winavr/bin/../lib/gcc/avr/4.3.3/avr5\libgcc.a(_unpack_sf.o)
 .debug_abbrev  0x00000db0      0x13b c:/imt_sdk_win_64/winavr/bin/../lib/gcc/avr/4.3.3/avr5\libgcc.a(_fpcmp_parts_sf.o)

.debug_line     0x00000000      0xdad
 *(.debug_line)
 .debug_line    0x00000000       0xa7 c:/imt_sdk_win_64/winavr/bin/../lib/gcc/avr/4.3.3/avr5\libgcc.a(_fixunssfsi.o)
 .debug_line    0x000000a7      0x2af c:/imt_sdk_win_64/winavr/bin/../lib/gcc/avr/4.3.3/avr5\libgcc.a(_addsub_sf.o)
 .debug_line    0x00000356      0x239 c:/imt_sdk_win_64/winavr/bin/../lib/gcc/avr/4.3.3/avr5\libgcc.a(_mul_sf.o)
 .debug_line    0x0000058f       0xd3 c:/imt_sdk_win_64/winavr/bin/../lib/gcc/avr/4.3.3/avr5\libgcc.a(_gt_sf.o)
 .debug_line    0x00000662       0xd3 c:/imt_sdk_win_64/winavr/bin/../lib/gcc/avr/4.3.3/avr5\libgcc.a(_ge_sf.o)
 .debug_line    0x00000735       0xd3 c:/imt_sdk_win_64/winavr/bin/../lib/gcc/avr/4.3.3/avr5\libgcc.a(_lt_sf.o)
 .debug_line    0x00000808      0x109 c:/imt_sdk_win_64/winavr/bin/../lib/gcc/avr/4.3.3/avr5\libgcc.a(_sf_to_si.o)
 .debug_line    0x00000911       0x90 c:/imt_sdk_win_64/winavr/bin/../lib/gcc/avr/4.3.3/avr5\libgcc.a(_thenan_sf.o)
 .debug_line    0x000009a1      0x18a c:/imt_sdk_win_64/winavr/bin/../lib/gcc/avr/4.3.3/avr5\libgcc.a(_pack_sf.o)
 .debug_line    0x00000b2b      0x14b c:/imt_sdk_win_64/winavr/bin/../lib/gcc/avr/4.3.3/avr5\libgcc.a(_unpack_sf.o)
 .debug_line    0x00000c76      0x137 c:/imt_sdk_win_64/winavr/bin/../lib/gcc/avr/4.3.3/avr5\libgcc.a(_fpcmp_parts_sf.o)

.debug_frame    0x00000000      0x160
 *(.debug_frame)
 .debug_frame   0x00000000       0x20 c:/imt_sdk_win_64/winavr/bin/../lib/gcc/avr/4.3.3/avr5\libgcc.a(_fixunssfsi.o)
 .debug_frame   0x00000020       0x40 c:/imt_sdk_win_64/winavr/bin/../lib/gcc/avr/4.3.3/avr5\libgcc.a(_addsub_sf.o)
 .debug_frame   0x00000060       0x20 c:/imt_sdk_win_64/winavr/bin/../lib/gcc/avr/4.3.3/avr5\libgcc.a(_mul_sf.o)
 .debug_frame   0x00000080       0x20 c:/imt_sdk_win_64/winavr/bin/../lib/gcc/avr/4.3.3/avr5\libgcc.a(_gt_sf.o)
 .debug_frame   0x000000a0       0x20 c:/imt_sdk_win_64/winavr/bin/../lib/gcc/avr/4.3.3/avr5\libgcc.a(_ge_sf.o)
 .debug_frame   0x000000c0       0x20 c:/imt_sdk_win_64/winavr/bin/../lib/gcc/avr/4.3.3/avr5\libgcc.a(_lt_sf.o)
 .debug_frame   0x000000e0       0x20 c:/imt_sdk_win_64/winavr/bin/../lib/gcc/avr/4.3.3/avr5\libgcc.a(_sf_to_si.o)
 .debug_frame   0x00000100       0x20 c:/imt_sdk_win_64/winavr/bin/../lib/gcc/avr/4.3.3/avr5\libgcc.a(_pack_sf.o)
 .debug_frame   0x00000120       0x20 c:/imt_sdk_win_64/winavr/bin/../lib/gcc/avr/4.3.3/avr5\libgcc.a(_unpack_sf.o)
 .debug_frame   0x00000140       0x20 c:/imt_sdk_win_64/winavr/bin/../lib/gcc/avr/4.3.3/avr5\libgcc.a(_fpcmp_parts_sf.o)

.debug_str      0x00000000      0x28d
 *(.debug_str)
 .debug_str     0x00000000       0xbf c:/imt_sdk_win_64/winavr/bin/../lib/gcc/avr/4.3.3/avr5\libgcc.a(_fixunssfsi.o)
                                 0xfe (size before relaxing)
 .debug_str     0x000000bf      0x14d c:/imt_sdk_win_64/winavr/bin/../lib/gcc/avr/4.3.3/avr5\libgcc.a(_addsub_sf.o)
                                0x206 (size before relaxing)
 .debug_str     0x0000020c       0x27 c:/imt_sdk_win_64/winavr/bin/../lib/gcc/avr/4.3.3/avr5\libgcc.a(_mul_sf.o)
                                0x1bf (size before relaxing)
 .debug_str     0x00000233        0xf c:/imt_sdk_win_64/winavr/bin/../lib/gcc/avr/4.3.3/avr5\libgcc.a(_gt_sf.o)
                                0x195 (size before relaxing)
 .debug_str     0x00000242        0x8 c:/imt_sdk_win_64/winavr/bin/../lib/gcc/avr/4.3.3/avr5\libgcc.a(_ge_sf.o)
                                0x195 (size before relaxing)
 .debug_str     0x0000024a        0x8 c:/imt_sdk_win_64/winavr/bin/../lib/gcc/avr/4.3.3/avr5\libgcc.a(_lt_sf.o)
                                0x195 (size before relaxing)
 .debug_str     0x00000252        0xa c:/imt_sdk_win_64/winavr/bin/../lib/gcc/avr/4.3.3/avr5\libgcc.a(_sf_to_si.o)
                                0x19e (size before relaxing)
 .debug_str     0x00000000      0x103 c:/imt_sdk_win_64/winavr/bin/../lib/gcc/avr/4.3.3/avr5\libgcc.a(_thenan_sf.o)
 .debug_str     0x0000025c       0x16 c:/imt_sdk_win_64/winavr/bin/../lib/gcc/avr/4.3.3/avr5\libgcc.a(_pack_sf.o)
                                0x19d (size before relaxing)
 .debug_str     0x00000272        0xb c:/imt_sdk_win_64/winavr/bin/../lib/gcc/avr/4.3.3/avr5\libgcc.a(_unpack_sf.o)
                                0x17f (size before relaxing)
 .debug_str     0x0000027d       0x10 c:/imt_sdk_win_64/winavr/bin/../lib/gcc/avr/4.3.3/avr5\libgcc.a(_fpcmp_parts_sf.o)
                                0x163 (size before relaxing)

.debug_loc      0x00000000      0x7ce
 *(.debug_loc)
 .debug_loc     0x00000000       0x34 c:/imt_sdk_win_64/winavr/bin/../lib/gcc/avr/4.3.3/avr5\libgcc.a(_fixunssfsi.o)
 .debug_loc     0x00000034      0x32a c:/imt_sdk_win_64/winavr/bin/../lib/gcc/avr/4.3.3/avr5\libgcc.a(_addsub_sf.o)
 .debug_loc     0x0000035e      0x104 c:/imt_sdk_win_64/winavr/bin/../lib/gcc/avr/4.3.3/avr5\libgcc.a(_mul_sf.o)
 .debug_loc     0x00000462       0x3c c:/imt_sdk_win_64/winavr/bin/../lib/gcc/avr/4.3.3/avr5\libgcc.a(_gt_sf.o)
 .debug_loc     0x0000049e       0x3c c:/imt_sdk_win_64/winavr/bin/../lib/gcc/avr/4.3.3/avr5\libgcc.a(_ge_sf.o)
 .debug_loc     0x000004da       0x3c c:/imt_sdk_win_64/winavr/bin/../lib/gcc/avr/4.3.3/avr5\libgcc.a(_lt_sf.o)
 .debug_loc     0x00000516       0x7e c:/imt_sdk_win_64/winavr/bin/../lib/gcc/avr/4.3.3/avr5\libgcc.a(_sf_to_si.o)
 .debug_loc     0x00000594      0x13e c:/imt_sdk_win_64/winavr/bin/../lib/gcc/avr/4.3.3/avr5\libgcc.a(_pack_sf.o)
 .debug_loc     0x000006d2       0xac c:/imt_sdk_win_64/winavr/bin/../lib/gcc/avr/4.3.3/avr5\libgcc.a(_unpack_sf.o)
 .debug_loc     0x0000077e       0x50 c:/imt_sdk_win_64/winavr/bin/../lib/gcc/avr/4.3.3/avr5\libgcc.a(_fpcmp_parts_sf.o)

.debug_macinfo
 *(.debug_macinfo)
OUTPUT(RTOS_0.elf elf32-avr)
LOAD linker stubs

.debug_ranges   0x00000000       0x50
 .debug_ranges  0x00000000       0x50 c:/imt_sdk_win_64/winavr/bin/../lib/gcc/avr/4.3.3/avr5\libgcc.a(_mul_sf.o)
