Archive member included because of file (symbol)

c:/imt_sdk_win_64/winavr/bin/../lib/gcc/avr/4.3.3/avr5\libgcc.a(_exit.o)
                              c:/imt_sdk_win_64/winavr/bin/../lib/gcc/avr/4.3.3/../../../../avr/lib/avr5/crtm32.o (exit)
c:/imt_sdk_win_64/winavr/bin/../lib/gcc/avr/4.3.3/avr5\libgcc.a(_copy_data.o)
                              ./freeRTOS/tasks.o (__do_copy_data)
c:/imt_sdk_win_64/winavr/bin/../lib/gcc/avr/4.3.3/avr5\libgcc.a(_clear_bss.o)
                              ./freeRTOS/croutine.o (__do_clear_bss)
c:/imt_sdk_win_64/winavr/bin/../lib/gcc/avr/4.3.3/../../../../avr/lib/avr5\libc.a(malloc.o)
                              ./freeRTOS/heap_3.o (malloc)
c:/imt_sdk_win_64/winavr/bin/../lib/gcc/avr/4.3.3/../../../../avr/lib/avr5\libc.a(memcpy.o)
                              ./freeRTOS/queue.o (memcpy)
c:/imt_sdk_win_64/winavr/bin/../lib/gcc/avr/4.3.3/../../../../avr/lib/avr5\libc.a(memset.o)
                              ./freeRTOS/tasks.o (memset)
c:/imt_sdk_win_64/winavr/bin/../lib/gcc/avr/4.3.3/../../../../avr/lib/avr5\libc.a(strncpy.o)
                              ./freeRTOS/tasks.o (strncpy)

Allocating common symbols
Common symbol       size              file

__brkval            0x2               c:/imt_sdk_win_64/winavr/bin/../lib/gcc/avr/4.3.3/../../../../avr/lib/avr5\libc.a(malloc.o)
__flp               0x2               c:/imt_sdk_win_64/winavr/bin/../lib/gcc/avr/4.3.3/../../../../avr/lib/avr5\libc.a(malloc.o)

Memory Configuration

Name             Origin             Length             Attributes
text             0x00000000         0x00020000         xr
data             0x00800060         0x0000ffa0         rw !x
eeprom           0x00810000         0x00010000         rw !x
fuse             0x00820000         0x00000400         rw !x
lock             0x00830000         0x00000400         rw !x
signature        0x00840000         0x00000400         rw !x
*default*        0x00000000         0xffffffff

Linker script and memory map

LOAD c:/imt_sdk_win_64/winavr/bin/../lib/gcc/avr/4.3.3/../../../../avr/lib/avr5/crtm32.o
LOAD ./freeRTOS/croutine.o
LOAD ./freeRTOS/heap_3.o
LOAD ./freeRTOS/list.o
LOAD ./freeRTOS/port.o
LOAD ./freeRTOS/queue.o
LOAD ./freeRTOS/tasks.o
LOAD ./freeRTOS/timers.o
LOAD ./DIO_prog.o
LOAD ./main.o
LOAD ./program.o
LOAD c:/imt_sdk_win_64/winavr/bin/../lib/gcc/avr/4.3.3/avr5\libgcc.a
LOAD c:/imt_sdk_win_64/winavr/bin/../lib/gcc/avr/4.3.3/../../../../avr/lib/avr5\libc.a
LOAD c:/imt_sdk_win_64/winavr/bin/../lib/gcc/avr/4.3.3/avr5\libgcc.a

.hash
 *(.hash)

.dynsym
 *(.dynsym)

.dynstr
 *(.dynstr)

.gnu.version
 *(.gnu.version)

.gnu.version_d
 *(.gnu.version_d)

.gnu.version_r
 *(.gnu.version_r)

.rel.init
 *(.rel.init)

.rela.init
 *(.rela.init)

.rel.text
 *(.rel.text)
 *(.rel.text.*)
 *(.rel.gnu.linkonce.t*)

.rela.text
 *(.rela.text)
 *(.rela.text.*)
 *(.rela.gnu.linkonce.t*)

.rel.fini
 *(.rel.fini)

.rela.fini
 *(.rela.fini)

.rel.rodata
 *(.rel.rodata)
 *(.rel.rodata.*)
 *(.rel.gnu.linkonce.r*)

.rela.rodata
 *(.rela.rodata)
 *(.rela.rodata.*)
 *(.rela.gnu.linkonce.r*)

.rel.data
 *(.rel.data)
 *(.rel.data.*)
 *(.rel.gnu.linkonce.d*)

.rela.data
 *(.rela.data)
 *(.rela.data.*)
 *(.rela.gnu.linkonce.d*)

.rel.ctors
 *(.rel.ctors)

.rela.ctors
 *(.rela.ctors)

.rel.dtors
 *(.rel.dtors)

.rela.dtors
 *(.rela.dtors)

.rel.got
 *(.rel.got)

.rela.got
 *(.rela.got)

.rel.bss
 *(.rel.bss)

.rela.bss
 *(.rela.bss)

.rel.plt
 *(.rel.plt)

.rela.plt
 *(.rela.plt)

.text           0x00000000     0x2f28
 *(.vectors)
 .vectors       0x00000000       0x54 c:/imt_sdk_win_64/winavr/bin/../lib/gcc/avr/4.3.3/../../../../avr/lib/avr5/crtm32.o
                0x00000000                __vectors
                0x00000000                __vector_default
 *(.vectors)
 *(.progmem.gcc*)
 *(.progmem*)
                0x00000054                . = ALIGN (0x2)
                0x00000054                __trampolines_start = .
 *(.trampolines)
 .trampolines   0x00000054        0x0 linker stubs
 *(.trampolines*)
                0x00000054                __trampolines_end = .
 *(.jumptables)
 *(.jumptables*)
 *(.lowtext)
 *(.lowtext*)
                0x00000054                __ctors_start = .
 *(.ctors)
                0x00000054                __ctors_end = .
                0x00000054                __dtors_start = .
 *(.dtors)
                0x00000054                __dtors_end = .
 SORT(*)(.ctors)
 SORT(*)(.dtors)
 *(.init0)
 .init0         0x00000054        0x0 c:/imt_sdk_win_64/winavr/bin/../lib/gcc/avr/4.3.3/../../../../avr/lib/avr5/crtm32.o
                0x00000054                __init
 *(.init0)
 *(.init1)
 *(.init1)
 *(.init2)
 .init2         0x00000054        0xc c:/imt_sdk_win_64/winavr/bin/../lib/gcc/avr/4.3.3/../../../../avr/lib/avr5/crtm32.o
 *(.init2)
 *(.init3)
 *(.init3)
 *(.init4)
 .init4         0x00000060       0x16 c:/imt_sdk_win_64/winavr/bin/../lib/gcc/avr/4.3.3/avr5\libgcc.a(_copy_data.o)
                0x00000060                __do_copy_data
 .init4         0x00000076       0x10 c:/imt_sdk_win_64/winavr/bin/../lib/gcc/avr/4.3.3/avr5\libgcc.a(_clear_bss.o)
                0x00000076                __do_clear_bss
 *(.init4)
 *(.init5)
 *(.init5)
 *(.init6)
 *(.init6)
 *(.init7)
 *(.init7)
 *(.init8)
 *(.init8)
 *(.init9)
 .init9         0x00000086        0x8 c:/imt_sdk_win_64/winavr/bin/../lib/gcc/avr/4.3.3/../../../../avr/lib/avr5/crtm32.o
 *(.init9)
 *(.text)
 .text          0x0000008e        0x4 c:/imt_sdk_win_64/winavr/bin/../lib/gcc/avr/4.3.3/../../../../avr/lib/avr5/crtm32.o
                0x0000008e                __vector_1
                0x0000008e                __vector_12
                0x0000008e                __bad_interrupt
                0x0000008e                __vector_6
                0x0000008e                __vector_3
                0x0000008e                __vector_11
                0x0000008e                __vector_13
                0x0000008e                __vector_17
                0x0000008e                __vector_19
                0x0000008e                __vector_5
                0x0000008e                __vector_4
                0x0000008e                __vector_9
                0x0000008e                __vector_2
                0x0000008e                __vector_15
                0x0000008e                __vector_8
                0x0000008e                __vector_14
                0x0000008e                __vector_10
                0x0000008e                __vector_16
                0x0000008e                __vector_18
                0x0000008e                __vector_20
 .text          0x00000092        0x0 ./freeRTOS/croutine.o
 .text          0x00000092        0x0 ./freeRTOS/heap_3.o
 .text          0x00000092        0x0 ./freeRTOS/list.o
 .text          0x00000092        0x0 ./freeRTOS/port.o
 .text          0x00000092        0x0 ./freeRTOS/queue.o
 .text          0x00000092        0x0 ./freeRTOS/tasks.o
 .text          0x00000092        0x0 ./freeRTOS/timers.o
 .text          0x00000092        0x0 ./DIO_prog.o
 .text          0x00000092        0x0 ./main.o
 .text          0x00000092        0x0 ./program.o
 .text          0x00000092        0x0 c:/imt_sdk_win_64/winavr/bin/../lib/gcc/avr/4.3.3/avr5\libgcc.a(_exit.o)
 .text          0x00000092        0x0 c:/imt_sdk_win_64/winavr/bin/../lib/gcc/avr/4.3.3/avr5\libgcc.a(_copy_data.o)
 .text          0x00000092        0x0 c:/imt_sdk_win_64/winavr/bin/../lib/gcc/avr/4.3.3/avr5\libgcc.a(_clear_bss.o)
 .text          0x00000092        0x0 c:/imt_sdk_win_64/winavr/bin/../lib/gcc/avr/4.3.3/../../../../avr/lib/avr5\libc.a(malloc.o)
 .text          0x00000092        0x0 c:/imt_sdk_win_64/winavr/bin/../lib/gcc/avr/4.3.3/../../../../avr/lib/avr5\libc.a(memcpy.o)
 .text          0x00000092        0x0 c:/imt_sdk_win_64/winavr/bin/../lib/gcc/avr/4.3.3/../../../../avr/lib/avr5\libc.a(memset.o)
 .text          0x00000092        0x0 c:/imt_sdk_win_64/winavr/bin/../lib/gcc/avr/4.3.3/../../../../avr/lib/avr5\libc.a(strncpy.o)
                0x00000092                . = ALIGN (0x2)
 *(.text.*)
 .text.xCoRoutineCreate
                0x00000092      0x128 ./freeRTOS/croutine.o
                0x00000092                xCoRoutineCreate
 .text.vCoRoutineAddToDelayedList
                0x000001ba       0xc2 ./freeRTOS/croutine.o
                0x000001ba                vCoRoutineAddToDelayedList
 .text.prvCheckPendingReadyList
                0x0000027c       0x94 ./freeRTOS/croutine.o
 .text.prvCheckDelayedList
                0x00000310      0x15c ./freeRTOS/croutine.o
 .text.vCoRoutineSchedule
                0x0000046c       0xf4 ./freeRTOS/croutine.o
                0x0000046c                vCoRoutineSchedule
 .text.prvInitialiseCoRoutineLists
                0x00000560       0x72 ./freeRTOS/croutine.o
 .text.xCoRoutineRemoveFromEventList
                0x000005d2       0x70 ./freeRTOS/croutine.o
                0x000005d2                xCoRoutineRemoveFromEventList
 .text.pvPortMalloc
                0x00000642       0x36 ./freeRTOS/heap_3.o
                0x00000642                pvPortMalloc
 .text.vPortFree
                0x00000678       0x30 ./freeRTOS/heap_3.o
                0x00000678                vPortFree
 .text.vListInitialise
                0x000006a8       0x54 ./freeRTOS/list.o
                0x000006a8                vListInitialise
 .text.vListInitialiseItem
                0x000006fc       0x20 ./freeRTOS/list.o
                0x000006fc                vListInitialiseItem
 .text.vListInsertEnd
                0x0000071c       0x98 ./freeRTOS/list.o
                0x0000071c                vListInsertEnd
 .text.vListInsert
                0x000007b4       0xd8 ./freeRTOS/list.o
                0x000007b4                vListInsert
 .text.vListRemove
                0x0000088c       0x92 ./freeRTOS/list.o
                0x0000088c                vListRemove
 .text.pxPortInitialiseStack
                0x0000091e      0x306 ./freeRTOS/port.o
                0x0000091e                pxPortInitialiseStack
 .text.xPortStartScheduler
                0x00000c24       0x6a ./freeRTOS/port.o
                0x00000c24                xPortStartScheduler
 .text.vPortEndScheduler
                0x00000c8e        0xe ./freeRTOS/port.o
                0x00000c8e                vPortEndScheduler
 .text.vPortYield
                0x00000c9c       0xb2 ./freeRTOS/port.o
                0x00000c9c                vPortYield
 .text.vPortYieldFromTick
                0x00000d4e       0xb6 ./freeRTOS/port.o
                0x00000d4e                vPortYieldFromTick
 .text.prvSetupTimerInterrupt
                0x00000e04       0xb8 ./freeRTOS/port.o
 .text.__vector_7
                0x00000ebc        0x6 ./freeRTOS/port.o
                0x00000ebc                __vector_7
 .text.xQueueCreate
                0x00000ec2      0x152 ./freeRTOS/queue.o
                0x00000ec2                xQueueCreate
 .text.xQueueGenericSend
                0x00001014      0x13c ./freeRTOS/queue.o
                0x00001014                xQueueGenericSend
 .text.xQueueGenericSendFromISR
                0x00001150       0x9a ./freeRTOS/queue.o
                0x00001150                xQueueGenericSendFromISR
 .text.xQueueGenericReceive
                0x000011ea      0x180 ./freeRTOS/queue.o
                0x000011ea                xQueueGenericReceive
 .text.xQueueReceiveFromISR
                0x0000136a       0x9e ./freeRTOS/queue.o
                0x0000136a                xQueueReceiveFromISR
 .text.uxQueueMessagesWaiting
                0x00001408       0x30 ./freeRTOS/queue.o
                0x00001408                uxQueueMessagesWaiting
 .text.uxQueueMessagesWaitingFromISR
                0x00001438       0x26 ./freeRTOS/queue.o
                0x00001438                uxQueueMessagesWaitingFromISR
 .text.vQueueDelete
                0x0000145e       0x2c ./freeRTOS/queue.o
                0x0000145e                vQueueDelete
 .text.prvCopyDataToQueue
                0x0000148a      0x12a ./freeRTOS/queue.o
 .text.prvCopyDataFromQueue
                0x000015b4       0x90 ./freeRTOS/queue.o
 .text.prvUnlockQueue
                0x00001644       0xa8 ./freeRTOS/queue.o
 .text.prvIsQueueEmpty
                0x000016ec       0x38 ./freeRTOS/queue.o
 .text.xQueueIsQueueEmptyFromISR
                0x00001724       0x2e ./freeRTOS/queue.o
                0x00001724                xQueueIsQueueEmptyFromISR
 .text.prvIsQueueFull
                0x00001752       0x3e ./freeRTOS/queue.o
 .text.xQueueIsQueueFullFromISR
                0x00001790       0x34 ./freeRTOS/queue.o
                0x00001790                xQueueIsQueueFullFromISR
 .text.xTaskGenericCreate
                0x000017c4      0x1da ./freeRTOS/tasks.o
                0x000017c4                xTaskGenericCreate
 .text.vTaskDelete
                0x0000199e       0xc6 ./freeRTOS/tasks.o
                0x0000199e                vTaskDelete
 .text.vTaskDelayUntil
                0x00001a64       0xe8 ./freeRTOS/tasks.o
                0x00001a64                vTaskDelayUntil
 .text.vTaskDelay
                0x00001b4c       0x6a ./freeRTOS/tasks.o
                0x00001b4c                vTaskDelay
 .text.vTaskStartScheduler
                0x00001bb6       0x6e ./freeRTOS/tasks.o
                0x00001bb6                vTaskStartScheduler
 .text.vTaskEndScheduler
                0x00001c24       0x18 ./freeRTOS/tasks.o
                0x00001c24                vTaskEndScheduler
 .text.vTaskSuspendAll
                0x00001c3c       0x18 ./freeRTOS/tasks.o
                0x00001c3c                vTaskSuspendAll
 .text.xTaskResumeAll
                0x00001c54      0x114 ./freeRTOS/tasks.o
                0x00001c54                xTaskResumeAll
 .text.xTaskGetTickCount
                0x00001d68       0x2e ./freeRTOS/tasks.o
                0x00001d68                xTaskGetTickCount
 .text.xTaskGetTickCountFromISR
                0x00001d96       0x2a ./freeRTOS/tasks.o
                0x00001d96                xTaskGetTickCountFromISR
 .text.uxTaskGetNumberOfTasks
                0x00001dc0       0x12 ./freeRTOS/tasks.o
                0x00001dc0                uxTaskGetNumberOfTasks
 .text.vTaskIncrementTick
                0x00001dd2      0x1aa ./freeRTOS/tasks.o
                0x00001dd2                vTaskIncrementTick
 .text.vTaskSwitchContext
                0x00001f7c       0xcc ./freeRTOS/tasks.o
                0x00001f7c                vTaskSwitchContext
 .text.vTaskPlaceOnEventList
                0x00002048       0x6c ./freeRTOS/tasks.o
                0x00002048                vTaskPlaceOnEventList
 .text.xTaskRemoveFromEventList
                0x000020b4       0xd0 ./freeRTOS/tasks.o
                0x000020b4                xTaskRemoveFromEventList
 .text.vTaskSetTimeOutState
                0x00002184       0x32 ./freeRTOS/tasks.o
                0x00002184                vTaskSetTimeOutState
 .text.xTaskCheckForTimeOut
                0x000021b6       0xba ./freeRTOS/tasks.o
                0x000021b6                xTaskCheckForTimeOut
 .text.vTaskMissedYield
                0x00002270       0x14 ./freeRTOS/tasks.o
                0x00002270                vTaskMissedYield
 .text.prvIdleTask
                0x00002284       0x14 ./freeRTOS/tasks.o
 .text.prvInitialiseTCBVariables
                0x00002298       0xae ./freeRTOS/tasks.o
 .text.prvInitialiseTaskLists
                0x00002346       0x7a ./freeRTOS/tasks.o
 .text.prvCheckTasksWaitingTermination
                0x000023c0       0x7c ./freeRTOS/tasks.o
 .text.prvAddCurrentTaskToDelayedList
                0x0000243c       0x92 ./freeRTOS/tasks.o
 .text.prvAllocateTCBAndStack
                0x000024ce       0xa0 ./freeRTOS/tasks.o
 .text.prvDeleteTCB
                0x0000256e       0x2c ./freeRTOS/tasks.o
 .text.DIO_SetPinValue
                0x0000259a      0x210 ./DIO_prog.o
                0x0000259a                DIO_SetPinValue
 .text.DIO_GetPinValue
                0x000027aa      0x108 ./DIO_prog.o
                0x000027aa                DIO_GetPinValue
 .text.DIO_SetPinDirection
                0x000028b2      0x210 ./DIO_prog.o
                0x000028b2                DIO_SetPinDirection
 .text.DIO_SetPortDirection
                0x00002ac2       0x82 ./DIO_prog.o
                0x00002ac2                DIO_SetPortDirection
 .text.DIO_SetPortValue
                0x00002b44       0x82 ./DIO_prog.o
                0x00002b44                DIO_SetPortValue
 .text.main     0x00002bc6       0x6c ./main.o
                0x00002bc6                main
 .text.vTask1_Function
                0x00002c32       0x14 ./main.o
                0x00002c32                vTask1_Function
 .text.vTask2_Function
                0x00002c46       0x14 ./main.o
                0x00002c46                vTask2_Function
 .text.vid_SystemInit
                0x00002c5a       0x22 ./program.o
                0x00002c5a                vid_SystemInit
 .text.RedLed_ON
                0x00002c7c       0x18 ./program.o
                0x00002c7c                RedLed_ON
 .text.RedLed_OFF
                0x00002c94       0x18 ./program.o
                0x00002c94                RedLed_OFF
 .text.GreenLed_ON
                0x00002cac       0x18 ./program.o
                0x00002cac                GreenLed_ON
 .text.GreenLed_OFF
                0x00002cc4       0x18 ./program.o
                0x00002cc4                GreenLed_OFF
 .text.libgcc   0x00002cdc        0x0 c:/imt_sdk_win_64/winavr/bin/../lib/gcc/avr/4.3.3/avr5\libgcc.a(_exit.o)
 .text.libgcc   0x00002cdc        0x0 c:/imt_sdk_win_64/winavr/bin/../lib/gcc/avr/4.3.3/avr5\libgcc.a(_copy_data.o)
 .text.libgcc   0x00002cdc        0x0 c:/imt_sdk_win_64/winavr/bin/../lib/gcc/avr/4.3.3/avr5\libgcc.a(_clear_bss.o)
 .text.avr-libc
                0x00002cdc      0x20a c:/imt_sdk_win_64/winavr/bin/../lib/gcc/avr/4.3.3/../../../../avr/lib/avr5\libc.a(malloc.o)
                0x00002cdc                malloc
                0x00002e36                free
 .text.avr-libc
                0x00002ee6       0x12 c:/imt_sdk_win_64/winavr/bin/../lib/gcc/avr/4.3.3/../../../../avr/lib/avr5\libc.a(memcpy.o)
                0x00002ee6                memcpy
 .text.avr-libc
                0x00002ef8        0xe c:/imt_sdk_win_64/winavr/bin/../lib/gcc/avr/4.3.3/../../../../avr/lib/avr5\libc.a(memset.o)
                0x00002ef8                memset
 .text.avr-libc
                0x00002f06       0x1e c:/imt_sdk_win_64/winavr/bin/../lib/gcc/avr/4.3.3/../../../../avr/lib/avr5\libc.a(strncpy.o)
                0x00002f06                strncpy
                0x00002f24                . = ALIGN (0x2)
 *(.fini9)
 .fini9         0x00002f24        0x0 c:/imt_sdk_win_64/winavr/bin/../lib/gcc/avr/4.3.3/avr5\libgcc.a(_exit.o)
                0x00002f24                exit
                0x00002f24                _exit
 *(.fini9)
 *(.fini8)
 *(.fini8)
 *(.fini7)
 *(.fini7)
 *(.fini6)
 *(.fini6)
 *(.fini5)
 *(.fini5)
 *(.fini4)
 *(.fini4)
 *(.fini3)
 *(.fini3)
 *(.fini2)
 *(.fini2)
 *(.fini1)
 *(.fini1)
 *(.fini0)
 .fini0         0x00002f24        0x4 c:/imt_sdk_win_64/winavr/bin/../lib/gcc/avr/4.3.3/avr5\libgcc.a(_exit.o)
 *(.fini0)
                0x00002f28                _etext = .

.data           0x00800060       0x22 load address 0x00002f28
                0x00800060                PROVIDE (__data_start, .)
 *(.data)
 .data          0x00800060        0x0 c:/imt_sdk_win_64/winavr/bin/../lib/gcc/avr/4.3.3/../../../../avr/lib/avr5/crtm32.o
 .data          0x00800060        0x0 ./freeRTOS/croutine.o
 .data          0x00800060        0x0 ./freeRTOS/heap_3.o
 .data          0x00800060        0x0 ./freeRTOS/list.o
 .data          0x00800060        0x0 ./freeRTOS/port.o
 .data          0x00800060        0x0 ./freeRTOS/queue.o
 .data          0x00800060        0x5 ./freeRTOS/tasks.o
 .data          0x00800065        0x0 ./freeRTOS/timers.o
 .data          0x00800065        0x0 ./DIO_prog.o
 .data          0x00800065       0x15 ./main.o
 .data          0x0080007a        0x0 ./program.o
 .data          0x0080007a        0x0 c:/imt_sdk_win_64/winavr/bin/../lib/gcc/avr/4.3.3/avr5\libgcc.a(_exit.o)
 .data          0x0080007a        0x0 c:/imt_sdk_win_64/winavr/bin/../lib/gcc/avr/4.3.3/avr5\libgcc.a(_copy_data.o)
 .data          0x0080007a        0x0 c:/imt_sdk_win_64/winavr/bin/../lib/gcc/avr/4.3.3/avr5\libgcc.a(_clear_bss.o)
 .data          0x0080007a        0x6 c:/imt_sdk_win_64/winavr/bin/../lib/gcc/avr/4.3.3/../../../../avr/lib/avr5\libc.a(malloc.o)
                0x0080007c                __malloc_heap_start
                0x0080007e                __malloc_heap_end
                0x0080007a                __malloc_margin
 .data          0x00800080        0x0 c:/imt_sdk_win_64/winavr/bin/../lib/gcc/avr/4.3.3/../../../../avr/lib/avr5\libc.a(memcpy.o)
 .data          0x00800080        0x0 c:/imt_sdk_win_64/winavr/bin/../lib/gcc/avr/4.3.3/../../../../avr/lib/avr5\libc.a(memset.o)
 .data          0x00800080        0x0 c:/imt_sdk_win_64/winavr/bin/../lib/gcc/avr/4.3.3/../../../../avr/lib/avr5\libc.a(strncpy.o)
 *(.data*)
 .data.xNextTaskUnblockTime
                0x00800080        0x2 ./freeRTOS/tasks.o
 *(.rodata)
 *(.rodata*)
 *(.gnu.linkonce.d*)
                0x00800082                . = ALIGN (0x2)
                0x00800082                _edata = .
                0x00800082                PROVIDE (__data_end, .)

.bss            0x00800082       0x8a
                0x00800082                PROVIDE (__bss_start, .)
 *(.bss)
 .bss           0x00800082        0x0 c:/imt_sdk_win_64/winavr/bin/../lib/gcc/avr/4.3.3/../../../../avr/lib/avr5/crtm32.o
 .bss           0x00800082        0x0 ./freeRTOS/croutine.o
 .bss           0x00800082        0x0 ./freeRTOS/heap_3.o
 .bss           0x00800082        0x0 ./freeRTOS/list.o
 .bss           0x00800082        0x0 ./freeRTOS/port.o
 .bss           0x00800082        0x0 ./freeRTOS/queue.o
 .bss           0x00800082        0x0 ./freeRTOS/tasks.o
 .bss           0x00800082        0x0 ./freeRTOS/timers.o
 .bss           0x00800082        0x0 ./DIO_prog.o
 .bss           0x00800082        0x0 ./main.o
 .bss           0x00800082        0x0 ./program.o
 .bss           0x00800082        0x0 c:/imt_sdk_win_64/winavr/bin/../lib/gcc/avr/4.3.3/avr5\libgcc.a(_exit.o)
 .bss           0x00800082        0x0 c:/imt_sdk_win_64/winavr/bin/../lib/gcc/avr/4.3.3/avr5\libgcc.a(_copy_data.o)
 .bss           0x00800082        0x0 c:/imt_sdk_win_64/winavr/bin/../lib/gcc/avr/4.3.3/avr5\libgcc.a(_clear_bss.o)
 .bss           0x00800082        0x0 c:/imt_sdk_win_64/winavr/bin/../lib/gcc/avr/4.3.3/../../../../avr/lib/avr5\libc.a(malloc.o)
 .bss           0x00800082        0x0 c:/imt_sdk_win_64/winavr/bin/../lib/gcc/avr/4.3.3/../../../../avr/lib/avr5\libc.a(memcpy.o)
 .bss           0x00800082        0x0 c:/imt_sdk_win_64/winavr/bin/../lib/gcc/avr/4.3.3/../../../../avr/lib/avr5\libc.a(memset.o)
 .bss           0x00800082        0x0 c:/imt_sdk_win_64/winavr/bin/../lib/gcc/avr/4.3.3/../../../../avr/lib/avr5\libc.a(strncpy.o)
 *(.bss*)
 .bss.pxCurrentCoRoutine
                0x00800082        0x2 ./freeRTOS/croutine.o
                0x00800082                pxCurrentCoRoutine
 .bss.uxTopCoRoutineReadyPriority
                0x00800084        0x1 ./freeRTOS/croutine.o
 .bss.xCoRoutineTickCount
                0x00800085        0x2 ./freeRTOS/croutine.o
 .bss.xLastTickCount
                0x00800087        0x2 ./freeRTOS/croutine.o
 .bss.xPassedTicks
                0x00800089        0x2 ./freeRTOS/croutine.o
 .bss.pxReadyCoRoutineLists
                0x0080008b       0x12 ./freeRTOS/croutine.o
 .bss.xDelayedCoRoutineList1
                0x0080009d        0x9 ./freeRTOS/croutine.o
 .bss.xDelayedCoRoutineList2
                0x008000a6        0x9 ./freeRTOS/croutine.o
 .bss.pxDelayedCoRoutineList
                0x008000af        0x2 ./freeRTOS/croutine.o
 .bss.pxOverflowDelayedCoRoutineList
                0x008000b1        0x2 ./freeRTOS/croutine.o
 .bss.xPendingReadyCoRoutineList
                0x008000b3        0x9 ./freeRTOS/croutine.o
 .bss.pxCurrentTCB
                0x008000bc        0x2 ./freeRTOS/tasks.o
                0x008000bc                pxCurrentTCB
 .bss.uxTasksDeleted
                0x008000be        0x1 ./freeRTOS/tasks.o
 .bss.uxCurrentNumberOfTasks
                0x008000bf        0x1 ./freeRTOS/tasks.o
 .bss.xTickCount
                0x008000c0        0x2 ./freeRTOS/tasks.o
 .bss.uxTopUsedPriority
                0x008000c2        0x1 ./freeRTOS/tasks.o
 .bss.uxTopReadyPriority
                0x008000c3        0x1 ./freeRTOS/tasks.o
 .bss.xSchedulerRunning
                0x008000c4        0x1 ./freeRTOS/tasks.o
 .bss.uxSchedulerSuspended
                0x008000c5        0x1 ./freeRTOS/tasks.o
 .bss.uxMissedTicks
                0x008000c6        0x1 ./freeRTOS/tasks.o
 .bss.xMissedYield
                0x008000c7        0x1 ./freeRTOS/tasks.o
 .bss.xNumOfOverflows
                0x008000c8        0x1 ./freeRTOS/tasks.o
 .bss.uxTaskNumber
                0x008000c9        0x1 ./freeRTOS/tasks.o
 .bss.pxReadyTasksLists
                0x008000ca       0x12 ./freeRTOS/tasks.o
 .bss.xDelayedTaskList1
                0x008000dc        0x9 ./freeRTOS/tasks.o
 .bss.xDelayedTaskList2
                0x008000e5        0x9 ./freeRTOS/tasks.o
 .bss.pxDelayedTaskList
                0x008000ee        0x2 ./freeRTOS/tasks.o
 .bss.pxOverflowDelayedTaskList
                0x008000f0        0x2 ./freeRTOS/tasks.o
 .bss.xPendingReadyList
                0x008000f2        0x9 ./freeRTOS/tasks.o
 .bss.xTasksWaitingTermination
                0x008000fb        0x9 ./freeRTOS/tasks.o
 .bss.xTask1_Handle
                0x00800104        0x2 ./main.o
                0x00800104                xTask1_Handle
 .bss.xTask2_Handle
                0x00800106        0x2 ./main.o
                0x00800106                xTask2_Handle
 *(COMMON)
 COMMON         0x00800108        0x4 c:/imt_sdk_win_64/winavr/bin/../lib/gcc/avr/4.3.3/../../../../avr/lib/avr5\libc.a(malloc.o)
                0x00800108                __brkval
                0x0080010a                __flp
                0x0080010c                PROVIDE (__bss_end, .)
                0x00002f28                __data_load_start = LOADADDR (.data)
                0x00002f4a                __data_load_end = (__data_load_start + SIZEOF (.data))

.noinit         0x0080010c        0x0
                0x0080010c                PROVIDE (__noinit_start, .)
 *(.noinit*)
                0x0080010c                PROVIDE (__noinit_end, .)
                0x0080010c                _end = .
                0x0080010c                PROVIDE (__heap_start, .)

.eeprom         0x00810000        0x0
 *(.eeprom*)
                0x00810000                __eeprom_end = .

.fuse
 *(.fuse)
 *(.lfuse)
 *(.hfuse)
 *(.efuse)

.lock
 *(.lock*)

.signature
 *(.signature*)

.stab           0x00000000     0x4980
 *(.stab)
 .stab          0x00000000      0xb40 ./freeRTOS/croutine.o
 .stab          0x00000b40      0x2dc ./freeRTOS/heap_3.o
                                0x5ac (size before relaxing)
 .stab          0x00000e1c      0x474 ./freeRTOS/list.o
                                0x750 (size before relaxing)
 .stab          0x00001290      0x840 ./freeRTOS/port.o
                                0xb70 (size before relaxing)
 .stab          0x00001ad0      0xe94 ./freeRTOS/queue.o
                               0x11d0 (size before relaxing)
 .stab          0x00002964     0x1578 ./freeRTOS/tasks.o
                               0x17d0 (size before relaxing)
 .stab          0x00003edc      0x1c8 ./freeRTOS/timers.o
                                0x4c8 (size before relaxing)
 .stab          0x000040a4      0x4c8 ./DIO_prog.o
                                0x4d4 (size before relaxing)
 .stab          0x0000456c      0x234 ./main.o
                                0x534 (size before relaxing)
 .stab          0x000047a0      0x1e0 ./program.o
                                0x258 (size before relaxing)

.stabstr        0x00000000     0x2b9e
 *(.stabstr)
 .stabstr       0x00000000     0x2b9e ./freeRTOS/croutine.o

.stab.excl
 *(.stab.excl)

.stab.exclstr
 *(.stab.exclstr)

.stab.index
 *(.stab.index)

.stab.indexstr
 *(.stab.indexstr)

.comment
 *(.comment)

.debug
 *(.debug)

.line
 *(.line)

.debug_srcinfo
 *(.debug_srcinfo)

.debug_sfnames
 *(.debug_sfnames)

.debug_aranges
 *(.debug_aranges)

.debug_pubnames
 *(.debug_pubnames)

.debug_info
 *(.debug_info)
 *(.gnu.linkonce.wi.*)

.debug_abbrev
 *(.debug_abbrev)

.debug_line
 *(.debug_line)

.debug_frame
 *(.debug_frame)

.debug_str
 *(.debug_str)

.debug_loc
 *(.debug_loc)

.debug_macinfo
 *(.debug_macinfo)
OUTPUT(RTOS_1.elf elf32-avr)
LOAD linker stubs
